<?xml version="1.1" encoding="UTF-8"?>
<!--
~ /////////////////////////////////////////////////////////////////////////////
~ // This file is part of the "Hyrax Data Server" project.
~ //
~ //
~ // Copyright (c) 2018 OPeNDAP, Inc.
~ // Author: Nathan David Potter <ndp@opendap.org>
~ //
~ // This library is free software; you can redistribute it and/or
~ // modify it under the terms of the GNU Lesser General Public
~ // License as published by the Free Software Foundation; either
~ // version 2.1 of the License, or (at your option) any later version.
~ //
~ // This library is distributed in the hope that it will be useful,
~ // but WITHOUT ANY WARRANTY; without even the implied warranty of
~ // MERCHANTABILITY or FITNESS FOR A PARTICULAR PURPOSE. See the GNU
~ // Lesser General Public License for more details.
~ //
~ // You should have received a copy of the GNU Lesser General Public
~ // License along with this library; if not, write to the Free Software
~ // Foundation, Inc., 51 Franklin Street, Fifth Floor, Boston, MA 02110-1301
~ //
~ // You can contact OPeNDAP, Inc. at PO Box 112, Saunderstown, RI. 02874-0112.
~ /////////////////////////////////////////////////////////////////////////////
        --><xhtml xmlns:dap="http://xml.opendap.org/ns/DAP/3.2#">
   <head>
      <link rel="stylesheet" href="/opendap/docs/css/collapse.css" type="text/css"/>
      <link rel="stylesheet" href="/opendap/docs/css/contents.css" type="text/css"/>
      <link rel="stylesheet" href="/opendap/docs/css/treeView.css" type="text/css"/>
      <script type="text/javascript">
                    DOCS_SERVICE="/opendap/docs";
                </script>
      <script type="text/javascript" src="/opendap/js/CollapsibleLists.js"> </script>
      <script type="text/javascript" src="/opendap/js/dap2_buttons.js"> </script>
      <script type="text/javascript">
                    DAP2_URL = new dap2_url("http://localhost:8080/opendap/data/nc/bears.nc");
                    DEBUG = new debug_obj();
                </script>
      <title>OPeNDAP Data Access Form for  bears.nc</title>
   </head>
   <body>
      <table width="100%" border="0">
         <tr>
            <td>
               <img alt="OPeNDAP Logo" src="/opendap/docs/images/logo.png"/>
            </td>
            <td>
               <div class="small_italic" style="padding-bottom: 5px;">Welcome to the new (<em>beta</em>) </div>
               <div class="large" style="padding-bottom: 5px;">OPeNDAP Data Access Form</div>
               <div class="small_italic" style="padding-bottom: 5px;">
                  <a href="http://localhost:8080/opendap/data/nc/bears.nc.html_old">The old form can be found here...</a>
               </div>
            </td>
         </tr>
      </table>
      <h1>
         <span style="font-size: 12px;  vertical-align: 35%; font-weight: normal;">dataset:</span>
         <span style="font-size: 20px;  vertical-align: 15%; font-weight: normal;">bears.nc</span>
      </h1>
      <hr size="1" noshade="noshade"/>
      <form action="">
         <table width="100%" border="0">
            <tr>
               <td align="right">
                  <div class="medium_bold">
                     <a href="http://www.opendap.org/online_help_files/opendap_form_help.html#disposition"
                        target="help">
                        Actions
                    </a>
                  </div>
               </td>
               <td>
                  <div style="width:100%;margin-left:10px;">
                     <input type="button" value="Get as ASCII" onclick="ascii_button()"/>
                     <input type="button" value="Get as CoverageJSON" onclick="covjson_button()"/>
                     <input type="button" value="Get as NetCDF 3" onclick="binary_button('nc')"/>
                     <input type="button" value="Get as NetCDF 4" onclick="binary_button('nc4')"/>
                     <input type="button" value="Binary (DAP) Object" onclick="binary_button('dods')"/>
                     <input type="button" value="Show Help" onclick="help_button()"/>
                  </div>
               </td>
            </tr>
            <tr>
               <td align="right">
                  <div class="medium_bold">
                     <a href="http://www.opendap.org/online_help_files/opendap_form_help.html#data_url"
                        target="help">
                        Data URL
                    </a>
                  </div>
               </td>
               <td>
                  <input name="url" type="text" style="width:98%;margin-left:10;"
                         value="http://localhost:8080/opendap/data/nc/bears.nc"/>
               </td>
            </tr>
            <tr>
               <td>
                  <hr size="1" noshade="noshade" width="95%"/>
               </td>
               <td>
                  <hr size="1" noshade="noshade" width="100%"/>
               </td>
            </tr>
            <tr>
               <td align="right" style="vertical-align:text-top">
                  <div class="medium_bold">
                     <a href="http://www.opendap.org/online_help_files/opendap_form_help.html#global_attr"
                        target="help">
                        Global Attributes
                    </a>
                  </div>
               </td>
               <td width="100%">
                  <div style="width:100%;margin-left:10px;">
                     <ul class="collapsibleList">
                        <li>
                           <div class="tightView">
                              <div class="small_bold">NC_GLOBAL</div>
                              <ul>
                                 <li>
                                    <div class="small">
                                       <span class="bold">history:
                        </span>
                                       <span class="em">This is an example of a multi-line global\012attribute.  It could be used for representing the\012processing history of the data, for example.</span>
                                    </div>
                                 </li>
                              </ul>
                           </div>
                        </li>
                     </ul>
                     <ul class="collapsibleList">
                        <li>
                           <div class="tightView">
                              <div class="small_bold">DODS_EXTRA</div>
                              <ul>
                                 <li>
                                    <div class="small">
                                       <span class="bold">Unlimited_Dimension:
                        </span>
                                       <span class="em">k</span>
                                    </div>
                                 </li>
                              </ul>
                           </div>
                        </li>
                     </ul>
                  </div>
               </td>
            </tr>
            <tr>
               <td>
                  <hr size="1" noshade="noshade" width="95%"/>
               </td>
               <td>
                  <hr size="1" noshade="noshade" width="100%"/>
               </td>
            </tr>
            <tr>
               <td align="right" style="vertical-align:text-top">
                  <div class="medium_bold">
                     <a href="http://www.opendap.org/online_help_files/opendap_form_help.html#dataset_variables"
                        target="help">Variables
                    </a>
                  </div>
               </td>
               <td>
                  <div style="margin-left:25px;"><!--
            - - - - - - - - - - -
            myFQN:        bears
            myJSVarName:  org_opendap_var_d6e21
            checkBoxName: get_org_opendap_var_d6e21
            isContainer:  Yup. This is a Grid
            isArray:      No.  It's a Grid
            myType:       Grid
            position:     1
            parent:       
            - - - - - - - - - - -
        --><script type="text/javascript">org_opendap_var_d6e21 = new dap_var("bears", "org_opendap_var_d6e21",true,false);


            
                DAP2_URL.add_dap_var(org_opendap_var_d6e21);
            org_opendap_var_d6e21.checkBox = "get_org_opendap_var_d6e21";
            </script>
                     <div style="color: black;margin-left:-15px;margin-top:10px">
                        <input type="checkbox" id="get_org_opendap_var_d6e21"
                               onclick="org_opendap_var_d6e21.handle_projection_change(get_org_opendap_var_d6e21)"
                               onfocus="describe_projection()"/>bears<span class="medium">[
                <span class="small" style="vertical-align: 15%;">i=
                    </span>
                0
                <span class="medium" style="vertical-align: 10%;">..</span>1]
            </span>
                        <span class="medium">[
                <span class="small" style="vertical-align: 15%;">j=
                    </span>
                0
                <span class="medium" style="vertical-align: 10%;">..</span>2]
            </span>
                        <span class="small" style="vertical-align: 15%;"> (Grid of String values)</span>
                     </div>
                     <input type="text" id="org_opendap_var_d6e21_dim_1" size="8"
                            oninput="autoResize(event)"
                            onfocus="describe_index()"
                            onChange="DAP2_URL.update_url()"/>
                     <script type="text/javascript">org_opendap_var_d6e21.addDimension(org_opendap_var_d6e21_dim_1,2);
            </script>
                     <input type="text" id="org_opendap_var_d6e21_dim_2" size="8"
                            oninput="autoResize(event)"
                            onfocus="describe_index()"
                            onChange="DAP2_URL.update_url()"/>
                     <script type="text/javascript">org_opendap_var_d6e21.addDimension(org_opendap_var_d6e21_dim_2,3);
            </script>
                     <div class="tightView">
                        <ul class="collapsibleList">
                           <li>
                              <div class="small_bold" style="color:#527CC1;">attributes</div>
                              <ul>
                                 <li>
                                    <div class="small">
                                       <span class="bold">act:
                        </span>
                                       <span class="em">text string\012\011123</span>
                                    </div>
                                 </li>
                                 <li>
                                    <div class="small">
                                       <span class="bold">acs:
                        </span>
                                       <span class="em">-40</span>
                                    </div>
                                 </li>
                                 <li>
                                    <div class="small">
                                       <span class="bold">acl:
                        </span>
                                       <span class="em">17000</span>
                                    </div>
                                 </li>
                                 <li>
                                    <div class="small">
                                       <span class="bold">acf:
                        </span>
                                       <span class="em">-2.00000000, 1.00000000, 0.00000000</span>
                                    </div>
                                 </li>
                                 <li>
                                    <div class="small">
                                       <span class="bold">acd:
                        </span>
                                       <span class="em">-1.000000000000000, 0.7500000000000000</span>
                                    </div>
                                 </li>
                                 <li>
                                    <div class="small">
                                       <span class="bold">string_length:
                        </span>
                                       <span class="em">3</span>
                                    </div>
                                 </li>
                              </ul>
                           </li>
                        </ul>
                     </div>
                     <!--
            - - - - - - - - - - -
            myFQN:        order
            myJSVarName:  org_opendap_var_d6e135
            checkBoxName: get_org_opendap_var_d6e135
            isContainer:  Yup. This is a Grid
            isArray:      No.  It's a Grid
            myType:       Grid
            position:     2
            parent:       
            - - - - - - - - - - -
        --><script type="text/javascript">org_opendap_var_d6e135 = new dap_var("order", "org_opendap_var_d6e135",true,false);


            
                DAP2_URL.add_dap_var(org_opendap_var_d6e135);
            org_opendap_var_d6e135.checkBox = "get_org_opendap_var_d6e135";
            </script>
                     <div style="color: black;margin-left:-15px;margin-top:10px">
                        <input type="checkbox" id="get_org_opendap_var_d6e135"
                               onclick="org_opendap_var_d6e135.handle_projection_change(get_org_opendap_var_d6e135)"
                               onfocus="describe_projection()"/>order<span class="medium">[
                <span class="small" style="vertical-align: 15%;">i=
                    </span>
                0
                <span class="medium" style="vertical-align: 10%;">..</span>1]
            </span>
                        <span class="medium">[
                <span class="small" style="vertical-align: 15%;">j=
                    </span>
                0
                <span class="medium" style="vertical-align: 10%;">..</span>2]
            </span>
                        <span class="small" style="vertical-align: 15%;"> (Grid of Int16 values)</span>
                     </div>
                     <input type="text" id="org_opendap_var_d6e135_dim_1" size="8"
                            oninput="autoResize(event)"
                            onfocus="describe_index()"
                            onChange="DAP2_URL.update_url()"/>
                     <script type="text/javascript">org_opendap_var_d6e135.addDimension(org_opendap_var_d6e135_dim_1,2);
            </script>
                     <input type="text" id="org_opendap_var_d6e135_dim_2" size="8"
                            oninput="autoResize(event)"
                            onfocus="describe_index()"
                            onChange="DAP2_URL.update_url()"/>
                     <script type="text/javascript">org_opendap_var_d6e135.addDimension(org_opendap_var_d6e135_dim_2,3);
            </script>
                     <div class="small_italic" style="color:#B0C6EB;">no attributes</div>
                     <!--
            - - - - - - - - - - -
            myFQN:        shot
            myJSVarName:  org_opendap_var_d6e203
            checkBoxName: get_org_opendap_var_d6e203
            isContainer:  Yup. This is a Grid
            isArray:      No.  It's a Grid
            myType:       Grid
            position:     3
            parent:       
            - - - - - - - - - - -
        --><script type="text/javascript">org_opendap_var_d6e203 = new dap_var("shot", "org_opendap_var_d6e203",true,false);


            
                DAP2_URL.add_dap_var(org_opendap_var_d6e203);
            org_opendap_var_d6e203.checkBox = "get_org_opendap_var_d6e203";
            </script>
                     <div style="color: black;margin-left:-15px;margin-top:10px">
                        <input type="checkbox" id="get_org_opendap_var_d6e203"
                               onclick="org_opendap_var_d6e203.handle_projection_change(get_org_opendap_var_d6e203)"
                               onfocus="describe_projection()"/>shot<span class="medium">[
                <span class="small" style="vertical-align: 15%;">i=
                    </span>
                0
                <span class="medium" style="vertical-align: 10%;">..</span>1]
            </span>
                        <span class="medium">[
                <span class="small" style="vertical-align: 15%;">j=
                    </span>
                0
                <span class="medium" style="vertical-align: 10%;">..</span>2]
            </span>
                        <span class="small" style="vertical-align: 15%;"> (Grid of Int32 values)</span>
                     </div>
                     <input type="text" id="org_opendap_var_d6e203_dim_1" size="8"
                            oninput="autoResize(event)"
                            onfocus="describe_index()"
                            onChange="DAP2_URL.update_url()"/>
                     <script type="text/javascript">org_opendap_var_d6e203.addDimension(org_opendap_var_d6e203_dim_1,2);
            </script>
                     <input type="text" id="org_opendap_var_d6e203_dim_2" size="8"
                            oninput="autoResize(event)"
                            onfocus="describe_index()"
                            onChange="DAP2_URL.update_url()"/>
                     <script type="text/javascript">org_opendap_var_d6e203.addDimension(org_opendap_var_d6e203_dim_2,3);
            </script>
                     <div class="small_italic" style="color:#B0C6EB;">no attributes</div>
                     <!--
            - - - - - - - - - - -
            myFQN:        aloan
            myJSVarName:  org_opendap_var_d6e272
            checkBoxName: get_org_opendap_var_d6e272
            isContainer:  Yup. This is a Grid
            isArray:      No.  It's a Grid
            myType:       Grid
            position:     4
            parent:       
            - - - - - - - - - - -
        --><script type="text/javascript">org_opendap_var_d6e272 = new dap_var("aloan", "org_opendap_var_d6e272",true,false);


            
                DAP2_URL.add_dap_var(org_opendap_var_d6e272);
            org_opendap_var_d6e272.checkBox = "get_org_opendap_var_d6e272";
            </script>
                     <div style="color: black;margin-left:-15px;margin-top:10px">
                        <input type="checkbox" id="get_org_opendap_var_d6e272"
                               onclick="org_opendap_var_d6e272.handle_projection_change(get_org_opendap_var_d6e272)"
                               onfocus="describe_projection()"/>aloan<span class="medium">[
                <span class="small" style="vertical-align: 15%;">i=
                    </span>
                0
                <span class="medium" style="vertical-align: 10%;">..</span>1]
            </span>
                        <span class="medium">[
                <span class="small" style="vertical-align: 15%;">j=
                    </span>
                0
                <span class="medium" style="vertical-align: 10%;">..</span>2]
            </span>
                        <span class="small" style="vertical-align: 15%;"> (Grid of Float32 values)</span>
                     </div>
                     <input type="text" id="org_opendap_var_d6e272_dim_1" size="8"
                            oninput="autoResize(event)"
                            onfocus="describe_index()"
                            onChange="DAP2_URL.update_url()"/>
                     <script type="text/javascript">org_opendap_var_d6e272.addDimension(org_opendap_var_d6e272_dim_1,2);
            </script>
                     <input type="text" id="org_opendap_var_d6e272_dim_2" size="8"
                            oninput="autoResize(event)"
                            onfocus="describe_index()"
                            onChange="DAP2_URL.update_url()"/>
                     <script type="text/javascript">org_opendap_var_d6e272.addDimension(org_opendap_var_d6e272_dim_2,3);
            </script>
                     <div class="small_italic" style="color:#B0C6EB;">no attributes</div>
                     <!--
            - - - - - - - - - - -
            myFQN:        cross
            myJSVarName:  org_opendap_var_d6e340
            checkBoxName: get_org_opendap_var_d6e340
            isContainer:  Yup. This is a Grid
            isArray:      No.  It's a Grid
            myType:       Grid
            position:     5
            parent:       
            - - - - - - - - - - -
        --><script type="text/javascript">org_opendap_var_d6e340 = new dap_var("cross", "org_opendap_var_d6e340",true,false);


            
                DAP2_URL.add_dap_var(org_opendap_var_d6e340);
            org_opendap_var_d6e340.checkBox = "get_org_opendap_var_d6e340";
            </script>
                     <div style="color: black;margin-left:-15px;margin-top:10px">
                        <input type="checkbox" id="get_org_opendap_var_d6e340"
                               onclick="org_opendap_var_d6e340.handle_projection_change(get_org_opendap_var_d6e340)"
                               onfocus="describe_projection()"/>cross<span class="medium">[
                <span class="small" style="vertical-align: 15%;">i=
                    </span>
                0
                <span class="medium" style="vertical-align: 10%;">..</span>1]
            </span>
                        <span class="medium">[
                <span class="small" style="vertical-align: 15%;">j=
                    </span>
                0
                <span class="medium" style="vertical-align: 10%;">..</span>2]
            </span>
                        <span class="small" style="vertical-align: 15%;"> (Grid of Float64 values)</span>
                     </div>
                     <input type="text" id="org_opendap_var_d6e340_dim_1" size="8"
                            oninput="autoResize(event)"
                            onfocus="describe_index()"
                            onChange="DAP2_URL.update_url()"/>
                     <script type="text/javascript">org_opendap_var_d6e340.addDimension(org_opendap_var_d6e340_dim_1,2);
            </script>
                     <input type="text" id="org_opendap_var_d6e340_dim_2" size="8"
                            oninput="autoResize(event)"
                            onfocus="describe_index()"
                            onChange="DAP2_URL.update_url()"/>
                     <script type="text/javascript">org_opendap_var_d6e340.addDimension(org_opendap_var_d6e340_dim_2,3);
            </script>
                     <div class="small_italic" style="color:#B0C6EB;">no attributes</div>
                     <!--
- - - - - - - - - - -
            myFQN:           i
            myJSVarName:     org_opendap_var_d6e408
            checkBoxName:    get_org_opendap_var_d6e408
            isContainer:     false
            isArray:         true
            myType:          Int32
            position:        6
            parentContainer: 
- - - - - - - - - - -
        --><script type="text/javascript">org_opendap_var_d6e408 = new dap_var("i", "org_opendap_var_d6e408", true,false);

            
                DAP2_URL.add_dap_var(org_opendap_var_d6e408);
            org_opendap_var_d6e408.checkBox = "get_org_opendap_var_d6e408";
            </script>
                     <div style="color: black;margin-left:-20px;margin-top:10px">
                        <input type="checkbox" id="get_org_opendap_var_d6e408"
                               onclick="org_opendap_var_d6e408.handle_projection_change(get_org_opendap_var_d6e408)"
                               onfocus="describe_projection()"/>i<span class="medium">[
                <span class="small" style="vertical-align: 15%;">i=
                    </span>
                0
                <span class="medium" style="vertical-align: 10%;">..</span>1]
            </span>
                        <span class="small" style="vertical-align: 15%; font-size: 25%;">(Type is Int32)
            </span>
                     </div>
                     <input type="text" id="org_opendap_var_d6e408_dim_1" size="8"
                            oninput="autoResize(event)"
                            onfocus="describe_index()"
                            onChange="DAP2_URL.update_url()"/>
                     <script type="text/javascript">org_opendap_var_d6e408.addDimension(org_opendap_var_d6e408_dim_1,2);
            </script>
                     <div class="tightView">
                        <ul class="collapsibleList">
                           <li>
                              <div class="small_bold" style="color:#527CC1;">attributes</div>
                              <ul>
                                 <li>
                                    <div class="small">
                                       <span class="bold">attr1:
                        </span>
                                       <span class="em">1</span>
                                    </div>
                                 </li>
                                 <li>
                                    <div class="small">
                                       <span class="bold">attr2:
                        </span>
                                       <span class="em">1, 2, 3, 4</span>
                                    </div>
                                 </li>
                                 <ul class="collapsibleList">
                                    <li>
                                       <div class="tightView">
                                          <div class="small_bold">i_1</div>
                                          <ul>
                                             <li>
                                                <div class="small">
                                                   <span class="bold">attr3_1:
                        </span>
                                                   <span class="em">17</span>
                                                </div>
                                             </li>
                                             <li>
                                                <div class="small">
                                                   <span class="bold">attr3_2:
                        </span>
                                                   <span class="em">19, 23, 27</span>
                                                </div>
                                             </li>
                                          </ul>
                                       </div>
                                    </li>
                                 </ul>
                              </ul>
                           </li>
                        </ul>
                     </div>
                     <!--
- - - - - - - - - - -
            myFQN:           j
            myJSVarName:     org_opendap_var_d6e457
            checkBoxName:    get_org_opendap_var_d6e457
            isContainer:     false
            isArray:         true
            myType:          Float32
            position:        7
            parentContainer: 
- - - - - - - - - - -
        --><script type="text/javascript">org_opendap_var_d6e457 = new dap_var("j", "org_opendap_var_d6e457", true,false);

            
                DAP2_URL.add_dap_var(org_opendap_var_d6e457);
            org_opendap_var_d6e457.checkBox = "get_org_opendap_var_d6e457";
            </script>
                     <div style="color: black;margin-left:-20px;margin-top:10px">
                        <input type="checkbox" id="get_org_opendap_var_d6e457"
                               onclick="org_opendap_var_d6e457.handle_projection_change(get_org_opendap_var_d6e457)"
                               onfocus="describe_projection()"/>j<span class="medium">[
                <span class="small" style="vertical-align: 15%;">j=
                    </span>
                0
                <span class="medium" style="vertical-align: 10%;">..</span>2]
            </span>
                        <span class="small" style="vertical-align: 15%; font-size: 25%;">(Type is Float32)
            </span>
                     </div>
                     <input type="text" id="org_opendap_var_d6e457_dim_1" size="8"
                            oninput="autoResize(event)"
                            onfocus="describe_index()"
                            onChange="DAP2_URL.update_url()"/>
                     <script type="text/javascript">org_opendap_var_d6e457.addDimension(org_opendap_var_d6e457_dim_1,3);
            </script>
                     <div class="small_italic" style="color:#B0C6EB;">no attributes</div>
                     <!--
- - - - - - - - - - -
            myFQN:           l
            myJSVarName:     org_opendap_var_d6e464
            checkBoxName:    get_org_opendap_var_d6e464
            isContainer:     false
            isArray:         true
            myType:          Int16
            position:        8
            parentContainer: 
- - - - - - - - - - -
        --><script type="text/javascript">org_opendap_var_d6e464 = new dap_var("l", "org_opendap_var_d6e464", true,false);

            
                DAP2_URL.add_dap_var(org_opendap_var_d6e464);
            org_opendap_var_d6e464.checkBox = "get_org_opendap_var_d6e464";
            </script>
                     <div style="color: black;margin-left:-20px;margin-top:10px">
                        <input type="checkbox" id="get_org_opendap_var_d6e464"
                               onclick="org_opendap_var_d6e464.handle_projection_change(get_org_opendap_var_d6e464)"
                               onfocus="describe_projection()"/>l<span class="medium">[
                <span class="small" style="vertical-align: 15%;">l=
                    </span>
                0
                <span class="medium" style="vertical-align: 10%;">..</span>2]
            </span>
                        <span class="small" style="vertical-align: 15%; font-size: 25%;">(Type is Int16)
            </span>
                     </div>
                     <input type="text" id="org_opendap_var_d6e464_dim_1" size="8"
                            oninput="autoResize(event)"
                            onfocus="describe_index()"
                            onChange="DAP2_URL.update_url()"/>
                     <script type="text/javascript">org_opendap_var_d6e464.addDimension(org_opendap_var_d6e464_dim_1,3);
            </script>
                     <div class="small_italic" style="color:#B0C6EB;">no attributes</div>
                  </div>
               </td>
            </tr>
         </table>
         <hr size="1" noshade="noshade"/>
         <table width="100%" border="0">
            <tr>
               <td class="small">
                  <input type="checkbox" id="debug_checkbox"/>debug
                                <script type="text/javascript">
                                    DEBUG.setCheckBox(debug_checkbox);
                                </script>
               </td>
               <td>
                  <div class="small" align="right">Hyrax development sponsored by
                                    <a href="http://www.nsf.gov/">NSF</a>,
                                    <a href="http://www.nasa.gov/">NASA</a>, and
                                    <a href="http://www.noaa.gov/">NOAA</a>
                  </div>
               </td>
            </tr>
         </table>
      </form>
      <h3>OPeNDAP Hyrax (Not.A.Release)
                    <div>
            <a href="/opendap/docs/">Documentation</a>
            <span class="small"
                  style="font-weight: normal; display: inline; float: right; padding-right: 10px;">
               <a href="mailto:support@opendap.org?subject=Hyrax Usage Question&amp;body=%0A%0A%0A%0A%0A# -- -- -- -- -- -- -- -- -- -- -- -- -- -- -- -- --%0A# %0A# We're sorry you had a problem using the server.%0A# Please use the space above to describe what you%0A# were trying to do and we will try to assist you.%0A# Thanks,%0A# OPeNDAP Support.%0A# %0A# -- -- -- hyrax location info, please include -- -- --%0A# %0A# request_url: http://localhost:8080/opendap/hyrax/data/nc/bears.nc.html%0A# protocol: HTTP/1.1%0A# server: localhost%0A# port: 8080%0A# javax.servlet.forward.request_uri: /opendap/data/nc/bears.nc.html%0A# query_string: n/a%0A# status: 200%0A# %0A# -- -- -- -- -- -- -- -- -- -- -- -- -- -- -- -- --%0A">Questions? Contact Support</a>
            </span>
         </div>
      </h3>
      <script type="application/ld+json">
{
  "@context": {
    "@vocab": "http://schema.org"
  },
  "@type": "Dataset",
  "name": "bears.nc",
  "url": "http://localhost:8080/opendap/data/nc/bears.nc",
  "includedInDataCatalog": { 
    "@type": "DataCatalog", 
    "name": "Hyrax Data Server", 
    "sameAs": "http://localhost:8080/opendap/hyrax/data/nc/contents.html"
  },
  "variableMeasured": [
  {
    "@type": "PropertyValue",
    "name": "http://localhost:8080/opendap/data/nc/bears.nc",
    "valueReference": [ 
        {
          "@type": "PropertyValue", 
          "name": "history", 
          "value": "This is an example of a multi-line global\\012attribute.  It could be used for representing the\\012processing history of the data, for example."        },
        {
          "@type": "PropertyValue", 
          "name": "Unlimited_Dimension", 
          "value": "k"        }
    ]
  },
  {
    "@type": "PropertyValue",
    "name": "bears",
    "valueReference": [ 
      {
        "@type": "PropertyValue", 
        "name": "act", 
        "value": "text string\\012\\011123"      },
      {
        "@type": "PropertyValue", 
        "name": "acs", 
        "value": "-40"      },
      {
        "@type": "PropertyValue", 
        "name": "acl", 
        "value": "17000"      },
      {
        "@type": "PropertyValue", 
        "name": "acf", 
        "value": [ "-2.00000000", "1.00000000", "0.00000000" ]      },
      {
        "@type": "PropertyValue", 
        "name": "acd", 
        "value": [ "-1.000000000000000", "0.7500000000000000" ]      },
      {
        "@type": "PropertyValue", 
        "name": "string_length", 
        "value": "3"      }
    ]
  },
  {
    "@type": "PropertyValue",
    "name": "order",
    "valueReference": [ 

    ]
  },
  {
    "@type": "PropertyValue",
    "name": "shot",
    "valueReference": [ 

    ]
  },
  {
    "@type": "PropertyValue",
    "name": "aloan",
    "valueReference": [ 

    ]
  },
  {
    "@type": "PropertyValue",
    "name": "cross",
    "valueReference": [ 

    ]
  },
  {
    "@type": "PropertyValue",
    "name": "i",
    "valueReference": [ 
      {
        "@type": "PropertyValue", 
        "name": "attr1", 
        "value": "1"      },
      {
        "@type": "PropertyValue", 
        "name": "attr2", 
        "value": [ "1", "2", "3", "4" ]      },
        {
          "@type": "PropertyValue", 
          "name": "attr3_1", 
          "value": "17"        },
        {
          "@type": "PropertyValue", 
          "name": "attr3_2", 
          "value": [ "19", "23", "27" ]        }
    ]
  },
  {
    "@type": "PropertyValue",
    "name": "j",
    "valueReference": [ 

    ]
  },
  {
    "@type": "PropertyValue",
    "name": "l",
    "valueReference": [ 

    ]
  }
  ]
}
</script>
   </body>
   <script type="text/javascript">
                CollapsibleLists.apply(true);
                initCollapsibles("/opendap/docs");
            </script>
</xhtml>
