<?xml version="1.1" encoding="UTF-8"?>
<!--
~ /////////////////////////////////////////////////////////////////////////////
~ // This file is part of the "Hyrax Data Server" project.
~ //
~ //
~ // Copyright (c) 2018 OPeNDAP, Inc.
~ // Author: Nathan David Potter <ndp@opendap.org>
~ //
~ // This library is free software; you can redistribute it and/or
~ // modify it under the terms of the GNU Lesser General Public
~ // License as published by the Free Software Foundation; either
~ // version 2.1 of the License, or (at your option) any later version.
~ //
~ // This library is distributed in the hope that it will be useful,
~ // but WITHOUT ANY WARRANTY; without even the implied warranty of
~ // MERCHANTABILITY or FITNESS FOR A PARTICULAR PURPOSE. See the GNU
~ // Lesser General Public License for more details.
~ //
~ // You should have received a copy of the GNU Lesser General Public
~ // License along with this library; if not, write to the Free Software
~ // Foundation, Inc., 51 Franklin Street, Fifth Floor, Boston, MA 02110-1301
~ //
~ // You can contact OPeNDAP, Inc. at PO Box 112, Saunderstown, RI. 02874-0112.
~ /////////////////////////////////////////////////////////////////////////////
        --><xhtml xmlns:dap="http://xml.opendap.org/ns/DAP/3.2#">
   <head>
      <link rel="stylesheet" href="/opendap/docs/css/collapse.css" type="text/css"/>
      <link rel="stylesheet" href="/opendap/docs/css/contents.css" type="text/css"/>
      <link rel="stylesheet" href="/opendap/docs/css/treeView.css" type="text/css"/>
      <script type="text/javascript">
                    DOCS_SERVICE="/opendap/docs";
                </script>
      <script type="text/javascript" src="/opendap/js/CollapsibleLists.js"> </script>
      <script type="text/javascript" src="/opendap/js/dap2_buttons.js"> </script>
      <script type="text/javascript">
                    DAP2_URL = new dap2_url("http://localhost:8080/opendap/data/nc/fnoc1.nc");
                    DEBUG = new debug_obj();
                </script>
      <title>OPeNDAP Data Access Form for  fnoc1.nc</title>
   </head>
   <body>
      <table width="100%" border="0">
         <tr>
            <td>
               <img alt="OPeNDAP Logo" src="/opendap/docs/images/logo.png"/>
            </td>
            <td>
               <div class="small_italic" style="padding-bottom: 5px;">Welcome to the new</div>
               <div class="large" style="padding-bottom: 5px;">OPeNDAP Data Access Form</div>
               <div class="small_italic" style="padding-bottom: 5px;">
                  <a href="http://localhost:8080/opendap/data/nc/fnoc1.nc.html_old">The old form can be found here...</a>
               </div>
            </td>
         </tr>
      </table>
      <h1>
         <span style="font-size: 12px;  vertical-align: 35%; font-weight: normal;">dataset:</span>
         <span style="font-size: 20px;  vertical-align: 15%; font-weight: normal;">fnoc1.nc</span>
      </h1>
      <hr size="1" noshade="noshade"/>
      <form action="">
         <table width="100%" border="0">
            <tr>
               <td align="right">
                  <div class="medium_bold">
                     <a href="http://www.opendap.org/online_help_files/opendap_form_help.html#disposition"
                        target="help">
                        Actions
                    </a>
                  </div>
               </td>
               <td>
                  <div style="width:100%;margin-left:10px;">
                     <input type="button" value="Get as ASCII" onclick="ascii_button()"/>
                     <input type="button" value="Get as CoverageJSON" onclick="covjson_button()"/>
                     <input type="button" value="Get as NetCDF 3" onclick="binary_button('nc')"/>
                     <input type="button" value="Get as NetCDF 4" onclick="binary_button('nc4')"/>
                     <input type="button" value="Binary (DAP) Object" onclick="binary_button('dods')"/>
                     <input type="button" value="Show Help" onclick="help_button()"/>
                  </div>
               </td>
            </tr>
            <tr>
               <td align="right">
                  <div class="medium_bold">
                     <a href="http://www.opendap.org/online_help_files/opendap_form_help.html#data_url"
                        target="help">
                        Data URL
                    </a>
                  </div>
               </td>
               <td>
                  <input name="url" type="text" style="width:98%;margin-left:10;"
                         value="http://localhost:8080/opendap/data/nc/fnoc1.nc"/>
               </td>
            </tr>
            <tr>
               <td>
                  <hr size="1" noshade="noshade" width="95%"/>
               </td>
               <td>
                  <hr size="1" noshade="noshade" width="100%"/>
               </td>
            </tr>
            <tr>
               <td align="right" style="vertical-align:text-top">
                  <div class="medium_bold">
                     <a href="http://www.opendap.org/online_help_files/opendap_form_help.html#global_attr"
                        target="help">
                        Global Attributes
                    </a>
                  </div>
               </td>
               <td width="100%">
                  <div style="width:100%;margin-left:10px;">
                     <ul class="collapsibleList">
                        <li>
                           <div class="tightView">
                              <div class="small_bold">NC_GLOBAL</div>
                              <ul>
                                 <li>
                                    <div class="small">
                                       <span class="bold">base_time:
                        </span>
                                       <span class="em">88- 10-00:00:00</span>
                                    </div>
                                 </li>
                                 <li>
                                    <div class="small">
                                       <span class="bold">title:
                        </span>
                                       <span class="em"> FNOC UV wind components from 1988- 10 to 1988- 13.</span>
                                    </div>
                                 </li>
                              </ul>
                           </div>
                        </li>
                     </ul>
                     <ul class="collapsibleList">
                        <li>
                           <div class="tightView">
                              <div class="small_bold">DODS_EXTRA</div>
                              <ul>
                                 <li>
                                    <div class="small">
                                       <span class="bold">Unlimited_Dimension:
                        </span>
                                       <span class="em">time_a</span>
                                    </div>
                                 </li>
                              </ul>
                           </div>
                        </li>
                     </ul>
                  </div>
               </td>
            </tr>
            <tr>
               <td>
                  <hr size="1" noshade="noshade" width="95%"/>
               </td>
               <td>
                  <hr size="1" noshade="noshade" width="100%"/>
               </td>
            </tr>
            <tr>
               <td align="right" style="vertical-align:text-top">
                  <div class="medium_bold">
                     <a href="http://www.opendap.org/online_help_files/opendap_form_help.html#dataset_variables"
                        target="help">Variables
                    </a>
                  </div>
               </td>
               <td>
                  <div style="margin-left:25px;"><!--
- - - - - - - - - - -
            myFQN:           u
            myJSVarName:     org_opendap_var_d6e27
            checkBoxName:    get_org_opendap_var_d6e27
            isContainer:     false
            isArray:         true
            myType:          Int16
            position:        1
            parentContainer: 
- - - - - - - - - - -
        --><script type="text/javascript">org_opendap_var_d6e27 = new dap_var("u", "org_opendap_var_d6e27", true,false);

            
                DAP2_URL.add_dap_var(org_opendap_var_d6e27);
            org_opendap_var_d6e27.checkBox = "get_org_opendap_var_d6e27";
            </script>
                     <div style="color: black;margin-left:-20px;margin-top:10px">
                        <input type="checkbox" id="get_org_opendap_var_d6e27"
                               onclick="org_opendap_var_d6e27.handle_projection_change(get_org_opendap_var_d6e27)"
                               onfocus="describe_projection()"/>u<span class="medium">[
                <span class="small" style="vertical-align: 15%;">time_a=
                    </span>
                0
                <span class="medium" style="vertical-align: 10%;">..</span>15]
            </span>
                        <span class="medium">[
                <span class="small" style="vertical-align: 15%;">lat=
                    </span>
                0
                <span class="medium" style="vertical-align: 10%;">..</span>16]
            </span>
                        <span class="medium">[
                <span class="small" style="vertical-align: 15%;">lon=
                    </span>
                0
                <span class="medium" style="vertical-align: 10%;">..</span>20]
            </span>
                        <span class="small" style="vertical-align: 15%; font-size: 25%;">(Type is Int16)
            </span>
                     </div>
                     <input type="text" id="org_opendap_var_d6e27_dim_1" size="8"
                            oninput="autoResize(event)"
                            onfocus="describe_index()"
                            onChange="DAP2_URL.update_url()"/>
                     <script type="text/javascript">org_opendap_var_d6e27.addDimension(org_opendap_var_d6e27_dim_1,16);
            </script>
                     <input type="text" id="org_opendap_var_d6e27_dim_2" size="8"
                            oninput="autoResize(event)"
                            onfocus="describe_index()"
                            onChange="DAP2_URL.update_url()"/>
                     <script type="text/javascript">org_opendap_var_d6e27.addDimension(org_opendap_var_d6e27_dim_2,17);
            </script>
                     <input type="text" id="org_opendap_var_d6e27_dim_3" size="8"
                            oninput="autoResize(event)"
                            onfocus="describe_index()"
                            onChange="DAP2_URL.update_url()"/>
                     <script type="text/javascript">org_opendap_var_d6e27.addDimension(org_opendap_var_d6e27_dim_3,21);
            </script>
                     <div class="tightView">
                        <ul class="collapsibleList">
                           <li>
                              <div class="small_bold" style="color:#527CC1;">attributes</div>
                              <ul>
                                 <li>
                                    <div class="small">
                                       <span class="bold">units:
                        </span>
                                       <span class="em">meter per second</span>
                                    </div>
                                 </li>
                                 <li>
                                    <div class="small">
                                       <span class="bold">long_name:
                        </span>
                                       <span class="em">Vector wind eastward component</span>
                                    </div>
                                 </li>
                                 <li>
                                    <div class="small">
                                       <span class="bold">missing_value:
                        </span>
                                       <span class="em">-32767</span>
                                    </div>
                                 </li>
                                 <li>
                                    <div class="small">
                                       <span class="bold">scale_factor:
                        </span>
                                       <span class="em">0.005</span>
                                    </div>
                                 </li>
                                 <li>
                                    <div class="small">
                                       <span class="bold">DODS_Name:
                        </span>
                                       <span class="em">UWind</span>
                                    </div>
                                 </li>
                                 <li>
                                    <div class="small">
                                       <span class="bold">b:
                        </span>
                                       <span class="em">128</span>
                                    </div>
                                 </li>
                                 <li>
                                    <div class="small">
                                       <span class="bold">i:
                        </span>
                                       <span class="em">32000</span>
                                    </div>
                                 </li>
                                 <li>
                                    <div class="small">
                                       <span class="bold">WOA01:
                        </span>
                                       <span class="em">"http://localhost/junk"</span>
                                    </div>
                                 </li>
                              </ul>
                           </li>
                        </ul>
                     </div>
                     <!--
- - - - - - - - - - -
            myFQN:           v
            myJSVarName:     org_opendap_var_d6e88
            checkBoxName:    get_org_opendap_var_d6e88
            isContainer:     false
            isArray:         true
            myType:          Int16
            position:        2
            parentContainer: 
- - - - - - - - - - -
        --><script type="text/javascript">org_opendap_var_d6e88 = new dap_var("v", "org_opendap_var_d6e88", true,false);

            
                DAP2_URL.add_dap_var(org_opendap_var_d6e88);
            org_opendap_var_d6e88.checkBox = "get_org_opendap_var_d6e88";
            </script>
                     <div style="color: black;margin-left:-20px;margin-top:10px">
                        <input type="checkbox" id="get_org_opendap_var_d6e88"
                               onclick="org_opendap_var_d6e88.handle_projection_change(get_org_opendap_var_d6e88)"
                               onfocus="describe_projection()"/>v<span class="medium">[
                <span class="small" style="vertical-align: 15%;">time_a=
                    </span>
                0
                <span class="medium" style="vertical-align: 10%;">..</span>15]
            </span>
                        <span class="medium">[
                <span class="small" style="vertical-align: 15%;">lat=
                    </span>
                0
                <span class="medium" style="vertical-align: 10%;">..</span>16]
            </span>
                        <span class="medium">[
                <span class="small" style="vertical-align: 15%;">lon=
                    </span>
                0
                <span class="medium" style="vertical-align: 10%;">..</span>20]
            </span>
                        <span class="small" style="vertical-align: 15%; font-size: 25%;">(Type is Int16)
            </span>
                     </div>
                     <input type="text" id="org_opendap_var_d6e88_dim_1" size="8"
                            oninput="autoResize(event)"
                            onfocus="describe_index()"
                            onChange="DAP2_URL.update_url()"/>
                     <script type="text/javascript">org_opendap_var_d6e88.addDimension(org_opendap_var_d6e88_dim_1,16);
            </script>
                     <input type="text" id="org_opendap_var_d6e88_dim_2" size="8"
                            oninput="autoResize(event)"
                            onfocus="describe_index()"
                            onChange="DAP2_URL.update_url()"/>
                     <script type="text/javascript">org_opendap_var_d6e88.addDimension(org_opendap_var_d6e88_dim_2,17);
            </script>
                     <input type="text" id="org_opendap_var_d6e88_dim_3" size="8"
                            oninput="autoResize(event)"
                            onfocus="describe_index()"
                            onChange="DAP2_URL.update_url()"/>
                     <script type="text/javascript">org_opendap_var_d6e88.addDimension(org_opendap_var_d6e88_dim_3,21);
            </script>
                     <div class="tightView">
                        <ul class="collapsibleList">
                           <li>
                              <div class="small_bold" style="color:#527CC1;">attributes</div>
                              <ul>
                                 <li>
                                    <div class="small">
                                       <span class="bold">units:
                        </span>
                                       <span class="em">meter per second</span>
                                    </div>
                                 </li>
                                 <li>
                                    <div class="small">
                                       <span class="bold">long_name:
                        </span>
                                       <span class="em">Vector wind northward component</span>
                                    </div>
                                 </li>
                                 <li>
                                    <div class="small">
                                       <span class="bold">missing_value:
                        </span>
                                       <span class="em">-32767</span>
                                    </div>
                                 </li>
                                 <li>
                                    <div class="small">
                                       <span class="bold">scale_factor:
                        </span>
                                       <span class="em">0.005</span>
                                    </div>
                                 </li>
                                 <li>
                                    <div class="small">
                                       <span class="bold">DODS_Name:
                        </span>
                                       <span class="em">VWind</span>
                                    </div>
                                 </li>
                              </ul>
                           </li>
                        </ul>
                     </div>
                     <!--
- - - - - - - - - - -
            myFQN:           lat
            myJSVarName:     org_opendap_var_d6e130
            checkBoxName:    get_org_opendap_var_d6e130
            isContainer:     false
            isArray:         true
            myType:          Float32
            position:        3
            parentContainer: 
- - - - - - - - - - -
        --><script type="text/javascript">org_opendap_var_d6e130 = new dap_var("lat", "org_opendap_var_d6e130", true,false);

            
                DAP2_URL.add_dap_var(org_opendap_var_d6e130);
            org_opendap_var_d6e130.checkBox = "get_org_opendap_var_d6e130";
            </script>
                     <div style="color: black;margin-left:-20px;margin-top:10px">
                        <input type="checkbox" id="get_org_opendap_var_d6e130"
                               onclick="org_opendap_var_d6e130.handle_projection_change(get_org_opendap_var_d6e130)"
                               onfocus="describe_projection()"/>lat<span class="medium">[
                <span class="small" style="vertical-align: 15%;">lat=
                    </span>
                0
                <span class="medium" style="vertical-align: 10%;">..</span>16]
            </span>
                        <span class="small" style="vertical-align: 15%; font-size: 25%;">(Type is Float32)
            </span>
                     </div>
                     <input type="text" id="org_opendap_var_d6e130_dim_1" size="8"
                            oninput="autoResize(event)"
                            onfocus="describe_index()"
                            onChange="DAP2_URL.update_url()"/>
                     <script type="text/javascript">org_opendap_var_d6e130.addDimension(org_opendap_var_d6e130_dim_1,17);
            </script>
                     <div class="tightView">
                        <ul class="collapsibleList">
                           <li>
                              <div class="small_bold" style="color:#527CC1;">attributes</div>
                              <ul>
                                 <li>
                                    <div class="small">
                                       <span class="bold">units:
                        </span>
                                       <span class="em">degree North</span>
                                    </div>
                                 </li>
                              </ul>
                           </li>
                        </ul>
                     </div>
                     <!--
- - - - - - - - - - -
            myFQN:           lon
            myJSVarName:     org_opendap_var_d6e144
            checkBoxName:    get_org_opendap_var_d6e144
            isContainer:     false
            isArray:         true
            myType:          Float32
            position:        4
            parentContainer: 
- - - - - - - - - - -
        --><script type="text/javascript">org_opendap_var_d6e144 = new dap_var("lon", "org_opendap_var_d6e144", true,false);

            
                DAP2_URL.add_dap_var(org_opendap_var_d6e144);
            org_opendap_var_d6e144.checkBox = "get_org_opendap_var_d6e144";
            </script>
                     <div style="color: black;margin-left:-20px;margin-top:10px">
                        <input type="checkbox" id="get_org_opendap_var_d6e144"
                               onclick="org_opendap_var_d6e144.handle_projection_change(get_org_opendap_var_d6e144)"
                               onfocus="describe_projection()"/>lon<span class="medium">[
                <span class="small" style="vertical-align: 15%;">lon=
                    </span>
                0
                <span class="medium" style="vertical-align: 10%;">..</span>20]
            </span>
                        <span class="small" style="vertical-align: 15%; font-size: 25%;">(Type is Float32)
            </span>
                     </div>
                     <input type="text" id="org_opendap_var_d6e144_dim_1" size="8"
                            oninput="autoResize(event)"
                            onfocus="describe_index()"
                            onChange="DAP2_URL.update_url()"/>
                     <script type="text/javascript">org_opendap_var_d6e144.addDimension(org_opendap_var_d6e144_dim_1,21);
            </script>
                     <div class="tightView">
                        <ul class="collapsibleList">
                           <li>
                              <div class="small_bold" style="color:#527CC1;">attributes</div>
                              <ul>
                                 <li>
                                    <div class="small">
                                       <span class="bold">units:
                        </span>
                                       <span class="em">degree East</span>
                                    </div>
                                 </li>
                              </ul>
                           </li>
                        </ul>
                     </div>
                     <!--
- - - - - - - - - - -
            myFQN:           time
            myJSVarName:     org_opendap_var_d6e157
            checkBoxName:    get_org_opendap_var_d6e157
            isContainer:     false
            isArray:         true
            myType:          Float32
            position:        5
            parentContainer: 
- - - - - - - - - - -
        --><script type="text/javascript">org_opendap_var_d6e157 = new dap_var("time", "org_opendap_var_d6e157", true,false);

            
                DAP2_URL.add_dap_var(org_opendap_var_d6e157);
            org_opendap_var_d6e157.checkBox = "get_org_opendap_var_d6e157";
            </script>
                     <div style="color: black;margin-left:-20px;margin-top:10px">
                        <input type="checkbox" id="get_org_opendap_var_d6e157"
                               onclick="org_opendap_var_d6e157.handle_projection_change(get_org_opendap_var_d6e157)"
                               onfocus="describe_projection()"/>time<span class="medium">[
                <span class="small" style="vertical-align: 15%;">time=
                    </span>
                0
                <span class="medium" style="vertical-align: 10%;">..</span>15]
            </span>
                        <span class="small" style="vertical-align: 15%; font-size: 25%;">(Type is Float32)
            </span>
                     </div>
                     <input type="text" id="org_opendap_var_d6e157_dim_1" size="8"
                            oninput="autoResize(event)"
                            onfocus="describe_index()"
                            onChange="DAP2_URL.update_url()"/>
                     <script type="text/javascript">org_opendap_var_d6e157.addDimension(org_opendap_var_d6e157_dim_1,16);
            </script>
                     <div class="tightView">
                        <ul class="collapsibleList">
                           <li>
                              <div class="small_bold" style="color:#527CC1;">attributes</div>
                              <ul>
                                 <li>
                                    <div class="small">
                                       <span class="bold">units:
                        </span>
                                       <span class="em">hours from base_time</span>
                                    </div>
                                 </li>
                              </ul>
                           </li>
                        </ul>
                     </div>
                  </div>
               </td>
            </tr>
         </table>
         <hr size="1" noshade="noshade"/>
         <table width="100%" border="0">
            <tr>
               <td class="small">
                  <input type="checkbox" id="debug_checkbox"/>debug
                                <script type="text/javascript">
                                    DEBUG.setCheckBox(debug_checkbox);
                                </script>
               </td>
               <td>
                  <div class="small" align="right">Hyrax development sponsored by
                                    <a href="http://www.nsf.gov/">NSF</a>,
                                    <a href="http://www.nasa.gov/">NASA</a>, and
                                    <a href="http://www.noaa.gov/">NOAA</a>
                  </div>
               </td>
            </tr>
         </table>
      </form>
      <h3>OPeNDAP Hyrax (Not.A.Release)
                    <div>
            <a href="/opendap/docs/">Documentation</a>
            <span class="small"
                  style="font-weight: normal; display: inline; float: right; padding-right: 10px;">
               <a href="mailto:support@opendap.org?subject=Hyrax Usage Question&amp;body=%0A%0A%0A%0A%0A# -- -- -- -- -- -- -- -- -- -- -- -- -- -- -- -- --%0A# %0A# We're sorry you had a problem using the server.%0A# Please use the space above to describe what you%0A# were trying to do and we will try to assist you.%0A# Thanks,%0A# OPeNDAP Support.%0A# %0A# -- -- -- hyrax location info, please include -- -- --%0A# %0A# request_url: http://localhost:8080/opendap/hyrax/data/nc/fnoc1.nc.html%0A# protocol: HTTP/1.1%0A# server: localhost%0A# port: 8080%0A# javax.servlet.forward.request_uri: /opendap/data/nc/fnoc1.nc.html%0A# query_string: n/a%0A# status: 200%0A# %0A# -- -- -- -- -- -- -- -- -- -- -- -- -- -- -- -- --%0A">Questions? Contact Support</a>
            </span>
         </div>
      </h3>
      <script type="application/ld+json">
{
  "@context": {
    "@vocab": "http://schema.org"
  },
  "@type": "Dataset",
  "name": "fnoc1.nc",
  "url": "http://localhost:8080/opendap/data/nc/fnoc1.nc",
  "includedInDataCatalog": { 
    "@type": "DataCatalog", 
    "name": "Hyrax Data Server", 
    "sameAs": "http://localhost:8080/opendap/hyrax/data/nc/contents.html"
  },
  "variableMeasured": [
  {
    "@type": "PropertyValue",
    "name": "http://localhost:8080/opendap/data/nc/fnoc1.nc",
    "valueReference": [ 
        {
          "@type": "PropertyValue", 
          "name": "base_time", 
          "value": "88- 10-00:00:00"        },
        {
          "@type": "PropertyValue", 
          "name": "title", 
          "value": "FNOC UV wind components from 1988- 10 to 1988- 13."        },
        {
          "@type": "PropertyValue", 
          "name": "Unlimited_Dimension", 
          "value": "time_a"        }
    ]
  },
  {
    "@type": "PropertyValue",
    "name": "u",
    "valueReference": [ 
      {
        "@type": "PropertyValue", 
        "name": "units", 
        "value": "meter per second"      },
      {
        "@type": "PropertyValue", 
        "name": "long_name", 
        "value": "Vector wind eastward component"      },
      {
        "@type": "PropertyValue", 
        "name": "missing_value", 
        "value": "-32767"      },
      {
        "@type": "PropertyValue", 
        "name": "scale_factor", 
        "value": "0.005"      },
      {
        "@type": "PropertyValue", 
        "name": "DODS_Name", 
        "value": "UWind"      },
      {
        "@type": "PropertyValue", 
        "name": "b", 
        "value": "128"      },
      {
        "@type": "PropertyValue", 
        "name": "i", 
        "value": "32000"      },
      {
        "@type": "PropertyValue", 
        "name": "WOA01", 
        "value": "\"http://localhost/junk\""      }
    ]
  },
  {
    "@type": "PropertyValue",
    "name": "v",
    "valueReference": [ 
      {
        "@type": "PropertyValue", 
        "name": "units", 
        "value": "meter per second"      },
      {
        "@type": "PropertyValue", 
        "name": "long_name", 
        "value": "Vector wind northward component"      },
      {
        "@type": "PropertyValue", 
        "name": "missing_value", 
        "value": "-32767"      },
      {
        "@type": "PropertyValue", 
        "name": "scale_factor", 
        "value": "0.005"      },
      {
        "@type": "PropertyValue", 
        "name": "DODS_Name", 
        "value": "VWind"      }
    ]
  },
  {
    "@type": "PropertyValue",
    "name": "lat",
    "valueReference": [ 
      {
        "@type": "PropertyValue", 
        "name": "units", 
        "value": "degree North"      }
    ]
  },
  {
    "@type": "PropertyValue",
    "name": "lon",
    "valueReference": [ 
      {
        "@type": "PropertyValue", 
        "name": "units", 
        "value": "degree East"      }
    ]
  },
  {
    "@type": "PropertyValue",
    "name": "time",
    "valueReference": [ 
      {
        "@type": "PropertyValue", 
        "name": "units", 
        "value": "hours from base_time"      }
    ]
  }
  ]
}
</script>
   </body>
   <script type="text/javascript">
                CollapsibleLists.apply(true);
                initCollapsibles("/opendap/docs");
            </script>
</xhtml>
