<?xml version="1.1" encoding="UTF-8"?>
<!--
~ /////////////////////////////////////////////////////////////////////////////
~ // This file is part of the "Hyrax Data Server" project.
~ //
~ //
~ // Copyright (c) 2018 OPeNDAP, Inc.
~ // Author: Nathan David Potter <ndp@opendap.org>
~ //
~ // This library is free software; you can redistribute it and/or
~ // modify it under the terms of the GNU Lesser General Public
~ // License as published by the Free Software Foundation; either
~ // version 2.1 of the License, or (at your option) any later version.
~ //
~ // This library is distributed in the hope that it will be useful,
~ // but WITHOUT ANY WARRANTY; without even the implied warranty of
~ // MERCHANTABILITY or FITNESS FOR A PARTICULAR PURPOSE. See the GNU
~ // Lesser General Public License for more details.
~ //
~ // You should have received a copy of the GNU Lesser General Public
~ // License along with this library; if not, write to the Free Software
~ // Foundation, Inc., 51 Franklin Street, Fifth Floor, Boston, MA 02110-1301
~ //
~ // You can contact OPeNDAP, Inc. at PO Box 112, Saunderstown, RI. 02874-0112.
~ /////////////////////////////////////////////////////////////////////////////
        --><xhtml xmlns:dap="http://xml.opendap.org/ns/DAP/4.0#">
   <head>
      <link rel="stylesheet" href="/opendap/docs/css/collapse.css" type="text/css"/>
      <link rel="stylesheet" href="/opendap/docs/css/contents.css" type="text/css"/>
      <link rel="stylesheet" href="/opendap/docs/css/treeView.css" type="text/css"/>
      <script type="text/javascript" src="/opendap/js/CollapsibleLists.js"> </script>
      <script type="text/javascript" src="/opendap/js/dap4_buttons.js"> </script>
      <script type="text/javascript">
                    DAP4_URL = new dap4_url("http://localhost:8080/opendap/data/nc/fnoc1.nc");
                    DEBUG = new debug_obj();
                </script>
      <title>DAP4 Data Request Form (beta)fnoc1.nc</title>
   </head>
   <body>
      <table width="100%" border="0">
         <tr>
            <td>
               <img alt="OPeNDAP Logo" src="/opendap/docs/images/logo.png"/>
            </td>
            <td>
               <div class="large">OPeNDAP Data Access Form</div>
            </td>
         </tr>
      </table>
      <h1>
         <span style="font-size: 12px;  vertical-align: 35%; font-weight: normal;">dataset:</span>
         <span style="font-size: 20px;  vertical-align: 15%; font-weight: normal;">fnoc1.nc</span>
      </h1>
      <hr size="1" noshade="noshade"/>
      <form action="">
         <table width="100%" border="0">
            <tr>
               <td align="right">
                  <div class="medium_bold">
                     <a href="http://www.opendap.org/online_help_files/opendap_form_help.html#disposition"
                        target="help">
                        Actions
                    </a>
                  </div>
               </td>
               <td>
                  <div style="width:100%;margin-left:10px;">
                     <input type="button" value="Get as CSV" onclick="binary_button('dap.csv')"/>
                     <input type="button" value="Get as NetCDF 3" onclick="binary_button('dap.nc')"/>
                     <input type="button" value="Get as NetCDF 4" onclick="binary_button('dap.nc4')"/>
                     <input type="button" value="DAP4 Binary Object" onclick="binary_button('dap')"/>
                     <input type="button" value="DAP2 Binary Object" onclick="binary_button('dods')"/>
                     <input type="button" value="Show Help" onclick="help_button()"/>
                  </div>
               </td>
            </tr>
            <tr>
               <td align="right">
                  <div class="medium_bold">
                     <a href="http://www.opendap.org/online_help_files/opendap_form_help.html#data_url"
                        target="help">
                        Data URL
                    </a>
                  </div>
               </td>
               <td>
                  <input name="url" type="text" style="width:98%;margin-left:10;"
                         value="http://localhost:8080/opendap/data/nc/fnoc1.nc"/>
               </td>
            </tr>
            <tr>
               <td>
                  <hr size="1" noshade="noshade" width="80%"/>
               </td>
               <td>
                  <hr size="1" noshade="noshade" width="100%"/>
               </td>
            </tr>
            <tr>
               <td align="right" style="vertical-align:text-top">
                  <div class="medium_bold">
                     <a href="http://www.opendap.org/online_help_files/opendap_form_help.html#global_attr"
                        target="help">
                        Global Attributes
                    </a>
                  </div>
               </td>
               <td width="100%">
                  <div style="width:100%;margin-left:10px;">
                     <ul class="collapsibleList">
                        <li>
                           <div class="tightView">
                              <div class="small_bold">NC_GLOBAL</div>
                              <ul>
                                 <li>
                                    <div class="small">
                                       <span class="bold">base_time:
                        </span>
                                       <span class="em">88- 10-00:00:00</span>
                                    </div>
                                 </li>
                                 <li>
                                    <div class="small">
                                       <span class="bold">title:
                        </span>
                                       <span class="em"> FNOC UV wind components from 1988- 10 to 1988- 13.</span>
                                    </div>
                                 </li>
                              </ul>
                           </div>
                        </li>
                     </ul>
                     <ul class="collapsibleList">
                        <li>
                           <div class="tightView">
                              <div class="small_bold">DODS_EXTRA</div>
                              <ul>
                                 <li>
                                    <div class="small">
                                       <span class="bold">Unlimited_Dimension:
                        </span>
                                       <span class="em">time_a</span>
                                    </div>
                                 </li>
                              </ul>
                           </div>
                        </li>
                     </ul>
                  </div>
               </td>
            </tr>
            <tr>
               <td>
                  <hr size="1" noshade="noshade" width="80%"/>
               </td>
               <td>
                  <hr size="1" noshade="noshade" width="100%"/>
               </td>
            </tr>
            <tr>
               <td align="right" style="vertical-align:text-top">
                  <div class="medium_bold">
                     <a href="http://www.opendap.org/online_help_files/opendap_form_help.html#shared_dimesions"
                        target="help">Global Dimensions
                    </a>
                  </div>
               </td>
               <td>
                  <div style="margin-left:25px;">
                     <span class="large">[
            <span class="medium_italic" style="vertical-align: 10%;font-size: 12px;">lat =
                </span>
                        <span class="medium_italic" style="vertical-align: 10%;">0..16</span>
            ]
        </span>
                  </div>
               </td>
            </tr>
            <tr>
               <td>
                  <hr size="1" noshade="noshade" width="80%"/>
               </td>
               <td>
                  <hr size="1" noshade="noshade" width="100%"/>
               </td>
            </tr>
            <tr>
               <td align="right" style="vertical-align:text-top">
                  <div class="medium_bold">
                     <a href="http://www.opendap.org/online_help_files/opendap_form_help.html#dataset_variables"
                        target="help">Variables
                    </a>
                  </div>
               </td>
               <td>
                  <div style="margin-left:25px;">
                     <script type="text/javascript">
            if(DEBUG.enabled()) alert(
            "myFQN:         lat\n" +
            "myJSVarName:   org_opendap_lat\n" +
            "checkBoxName:  get_org_opendap_lat\n" +
            "isContainer:   false\n" +
            "isArray:       true\n" +
            "(parent) container: \n"
            );

            org_opendap_lat = new dap_var("lat", "org_opendap_lat", true,false);

            
                DAP4_URL.add_dap_var(org_opendap_lat);
            org_opendap_lat.checkBox = "get_org_opendap_lat";
            </script>
                     <div style="color: black;margin-left:-20px;margin-top:10px">
                        <input type="checkbox" id="get_org_opendap_lat"
                               onclick="org_opendap_lat.handle_projection_change(get_org_opendap_lat)"
                               onfocus="describe_projection()"/>lat<span class="medium">[
                <span class="small" style="vertical-align: 15%;">lat=
                    </span>
                0
                <span class="medium" style="vertical-align: 10%;">..</span>16]
            </span>
                        <span class="small" style="vertical-align: 15%; font-size: 25%;">(Type is Float32)
            </span>
                     </div>
                     <input type="text" id="org_opendap_lat_dim_1" size="8" oninput="autoResize(event)"
                            onfocus="describe_index()"
                            onChange="DAP4_URL.update_url()"/>
                     <script type="text/javascript">org_opendap_lat.addDimension(org_opendap_lat_dim_1,17);
            </script>
                     <div class="tightView">
                        <ul class="collapsibleList">
                           <li>
                              <div class="small_bold" style="color:#527CC1;">attributes</div>
                              <ul>
                                 <li>
                                    <div class="small">
                                       <span class="bold">units:
                        </span>
                                       <span class="em">degree North</span>
                                    </div>
                                 </li>
                              </ul>
                           </li>
                        </ul>
                     </div>
                  </div>
               </td>
            </tr>
         </table>
         <hr size="1" noshade="noshade"/>
         <table width="100%" border="0">
            <tr>
               <td class="small">
                  <input type="checkbox" id="debug_checkbox"/>debug
                                <script type="text/javascript">
                                    DEBUG.setCheckBox(debug_checkbox);
                                </script>
               </td>
               <td>
                  <div class="small" align="right">Hyrax development sponsored by
                                    <a href="http://www.nsf.gov/">NSF</a>,
                                    <a href="http://www.nasa.gov/">NASA</a>, and
                                    <a href="http://www.noaa.gov/">NOAA</a>
                  </div>
               </td>
            </tr>
         </table>
      </form>
      <h3>OPeNDAP Hyrax (Not.A.Release) <br/>
         <a href="/opendap/docs/">Documentation</a>
      </h3>
      <script type="application/ld+json">
{
  "@context": {
    "@vocab": "http://schema.org"
  },
  "@type": "Dataset",
  "name": "fnoc1.nc",
  "url": "http://localhost:8080/opendap/data/nc/fnoc1.nc",
  "includedInDataCatalog": { 
    "@type": "DataCatalog", 
    "name": "Hyrax Data Server", 
    "sameAs": "http://localhost:8080/opendap/hyrax/data/nc/contents.html"
  },
  "variableMeasured": [
  {
    "@type": "PropertyValue",
    "name": "http://localhost:8080/opendap/data/nc/fnoc1.nc",
    "valueReference": [ 
        {
          "@type": "PropertyValue", 
          "name": "base_time", 
          "value": "88- 10-00:00:00"        },
        {
          "@type": "PropertyValue", 
          "name": "title", 
          "value": "FNOC UV wind components from 1988- 10 to 1988- 13."        },
        {
          "@type": "PropertyValue", 
          "name": "Unlimited_Dimension", 
          "value": "time_a"        }
    ]
  },
  {
    "@type": "PropertyValue",
    "name": "lat",
    "valueReference": [ 
      {
        "@type": "PropertyValue", 
        "name": "size", 
        "value": "17"      }
    ]
  },
  {
    "@type": "PropertyValue",
    "name": "lat",
    "valueReference": [ 
      {
        "@type": "PropertyValue", 
        "name": "units", 
        "value": "degree North"      }
    ]
  }
  ]
}
</script>
   </body>
   <script type="text/javascript">
                CollapsibleLists.apply(true);
                initCollapsibles("/opendap/docs");
            </script>
</xhtml>
