<?xml version="1.0" encoding="UTF-8"?>
<!--
  ~ /////////////////////////////////////////////////////////////////////////////
  ~ // This file is part of the "Hyrax Data Server" project.
  ~ //
  ~ //
  ~ // Copyright (c) 2014 OPeNDAP, Inc.
  ~ // Author: Nathan David Potter  <ndp@opendap.org>
  ~ //
  ~ // This library is free software; you can redistribute it and/or
  ~ // modify it under the terms of the GNU Lesser General Public
  ~ // License as published by the Free Software Foundation; either
  ~ // version 2.1 of the License, or (at your option) any later version.
  ~ //
  ~ // This library is distributed in the hope that it will be useful,
  ~ // but WITHOUT ANY WARRANTY; without even the implied warranty of
  ~ // MERCHANTABILITY or FITNESS FOR A PARTICULAR PURPOSE.  See the GNU
  ~ // Lesser General Public License for more details.
  ~ //
  ~ // You should have received a copy of the GNU Lesser General Public
  ~ // License along with this library; if not, write to the Free Software
  ~ // Foundation, Inc., 51 Franklin Street, Fifth Floor, Boston, MA 02110-1301
  ~ //
  ~ // You can contact OPeNDAP, Inc. at PO Box 112, Saunderstown, RI. 02874-0112.
  ~ /////////////////////////////////////////////////////////////////////////////           
        --><xhtml xmlns:dap="http://xml.opendap.org/ns/DAP/4.0#">
   <head>
      <link rel="stylesheet" href="/opendap/docs/css/contents.css" type="text/css"/>
      <link rel="stylesheet" href="/opendap/docs/css/treeView.css" type="text/css"/>
      <script type="text/javascript" src="/opendap/js/CollapsibleLists.js"> </script>
      <script type="text/javascript" src="/opendap/js/dap4_buttons.js"> </script>
      <script type="text/javascript">
                    DAP4_URL = new dap4_url("http://localhost:8080/opendap/data/nc/zero_length_array.nc");
                </script>
      <title>DAP4 Data Request Form (beta)zero_length_array.nc</title>
   </head>
   <body>
      <table width="100%" border="0">
         <tr>
            <td>
               <img alt="OPeNDAP Logo" src="/opendap/docs/images/logo.gif"/>
            </td>
            <td>
               <div class="large">DAP4 Data Access Form</div>
            </td>
         </tr>
      </table>
      <h1>
         <span style="font-size: 12px;  vertical-align: 35%; font-weight: normal;">dataset:</span>
         <span style="font-size: 20px;  vertical-align: 15%; font-weight: normal;">zero_length_array.nc</span>
      </h1>
      <hr size="1" noshade="noshade"/>
      <form action="">
         <input type="checkbox" id="debug_checkbox"/>DEBUG
                    <script type="text/javascript">
                        DEBUG = new debug_obj(debug_checkbox);                       
                    </script>
         <table width="100%" border="0">
            <tr>
               <td align="right">
                  <div class="medium_bold">
                     <a href="http://www.opendap.org/online_help_files/opendap_form_help.html#disposition"
                        target="help">Actions</a>
                  </div>
               </td>
               <td>
                  <div style="width:100%;margin-left:10px;">
                     <input type="button" value="Get as CSV" onclick="binary_button('dap.csv')"/>
                     <input type="button" value="Get as NetCDF 3" onclick="binary_button('dap.nc')"/>
                     <input type="button" value="Get as NetCDF 4" onclick="binary_button('dap.nc4')"/>
                     <input type="button" value="DAP4 Binary Object" onclick="binary_button('dap')"/>
                     <input type="button" value="DAP2 Binary Object" onclick="binary_button('dods')"/>
                     <input type="button" value="Show Help" onclick="help_button()"/>
                  </div>
               </td>
            </tr>
            <tr>
               <td align="right">
                  <div class="medium_bold">
                     <a href="http://www.opendap.org/online_help_files/opendap_form_help.html#data_url"
                        target="help">Data URL</a>
                  </div>
               </td>
               <td>
                  <input name="url" type="text" style="width:98%;margin-left:10;"
                         value="http://localhost:8080/opendap/data/nc/zero_length_array.nc"/>
               </td>
            </tr>
            <tr>
               <td>
                  <hr size="1" noshade="noshade" width="80%"/>
               </td>
               <td>
                  <hr size="1" noshade="noshade" width="100%"/>
               </td>
            </tr>
            <tr>
               <td align="right" style="vertical-align:text-top">
                  <div class="medium_bold">
                     <a href="http://www.opendap.org/online_help_files/opendap_form_help.html#global_attr"
                        target="help">Global Attributes</a>
                  </div>
               </td>
               <td width="100%">
                  <div style="width:100%;margin-left:10px;">
                     <ul class="collapsibleList">
                        <li>
                           <div class="tightView">
                              <div class="small_bold">NC_GLOBAL</div>
                              <ul>
                                 <li>
                                    <div class="small">
                                       <span class="bold">title:</span>
                                       <span class="em">Hyrax/netcdf handler test file for zero-length arrays</span>
                                    </div>
                                 </li>
                                 <li>
                                    <div class="small">
                                       <span class="bold">version:</span>
                                       <span class="em">1.000000000000000</span>
                                    </div>
                                 </li>
                                 <li>
                                    <div class="small">
                                       <span class="bold">description:</span>
                                       <span class="em">Test zero-length arrays in a data handler.</span>
                                    </div>
                                 </li>
                              </ul>
                           </div>
                        </li>
                     </ul>
                     <ul class="collapsibleList">
                        <li>
                           <div class="tightView">
                              <div class="small_bold">DODS_EXTRA</div>
                              <ul>
                                 <li>
                                    <div class="small">
                                       <span class="bold">Unlimited_Dimension:</span>
                                       <span class="em">time</span>
                                    </div>
                                 </li>
                              </ul>
                           </div>
                        </li>
                     </ul>
                  </div>
               </td>
            </tr>
            <tr>
               <td>
                  <hr size="1" noshade="noshade" width="80%"/>
               </td>
               <td>
                  <hr size="1" noshade="noshade" width="100%"/>
               </td>
            </tr>
            <tr>
               <td align="right" style="vertical-align:text-top">
                  <div class="medium_bold">
                     <a href="http://www.opendap.org/online_help_files/opendap_form_help.html#shared_dimesions"
                        target="help">Shared Dimensions</a>
                  </div>
               </td>
               <td>
                  <div style="margin-left:25px;">
                     <span class="large">[<span class="medium_italic" style="vertical-align: 10%;font-size: 12px;">lat = </span>
                        <span class="medium_italic" style="vertical-align: 10%;">0..5</span>]</span>
                     <span class="large">[<span class="medium_italic" style="vertical-align: 10%;font-size: 12px;">lon = </span>
                        <span class="medium_italic" style="vertical-align: 10%;">0..4</span>]</span>
                     <span class="large">[<span class="medium_italic" style="vertical-align: 10%;font-size: 12px;">time = </span>
                        <span class="medium_italic" style="vertical-align: 10%;">0..-1</span>]</span>
                  </div>
               </td>
            </tr>
            <tr>
               <td>
                  <hr size="1" noshade="noshade" width="80%"/>
               </td>
               <td>
                  <hr size="1" noshade="noshade" width="100%"/>
               </td>
            </tr>
            <tr>
               <td align="right" style="vertical-align:text-top">
                  <div class="medium_bold">
                     <a href="http://www.opendap.org/online_help_files/opendap_form_help.html#dataset_variables"
                        target="help">Variables</a>
                  </div>
               </td>
               <td>
                  <div style="margin-left:25px;">
                     <script type="text/javascript">org_opendap_lat = new dap_var("lat", "org_opendap_lat", true,false);
           
            
                DAP4_URL.add_dap_var(org_opendap_lat); 
            org_opendap_lat.checkBox = "get_org_opendap_lat";
            </script>
                     <div style="color: black;margin-left:-15px;margin-top:10px">
                        <input type="checkbox" id="get_org_opendap_lat"
                               onclick="org_opendap_lat.handle_projection_change(get_org_opendap_lat)"
                               onfocus="describe_projection()"/>lat<span class="medium">[<span class="small" style="vertical-align: 15%;">lat=</span>0<span class="medium" style="vertical-align: 10%;">..</span>5]</span>
                        <span class="small" style="vertical-align: 15%; font-size: 25%;"> (Type is Int32)</span>
                     </div>
                     <input type="text" id="org_opendap_lat_dim_1" size="8" oninput="autoResize(event)"
                            onfocus="describe_index()"
                            onChange="DAP4_URL.update_url()"/>
                     <script type="text/javascript">org_opendap_lat.addDimension(org_opendap_lat_dim_1,6);
            </script>
                     <div class="tightView">
                        <ul class="collapsibleList">
                           <li>
                              <div class="small_bold" style="color:#527CC1;">attributes</div>
                              <ul>
                                 <li>
                                    <div class="small">
                                       <span class="bold">units:</span>
                                       <span class="em">degrees_north</span>
                                    </div>
                                 </li>
                              </ul>
                           </li>
                        </ul>
                     </div>
                     <script type="text/javascript">org_opendap_lon = new dap_var("lon", "org_opendap_lon", true,false);
           
            
                DAP4_URL.add_dap_var(org_opendap_lon); 
            org_opendap_lon.checkBox = "get_org_opendap_lon";
            </script>
                     <div style="color: black;margin-left:-15px;margin-top:10px">
                        <input type="checkbox" id="get_org_opendap_lon"
                               onclick="org_opendap_lon.handle_projection_change(get_org_opendap_lon)"
                               onfocus="describe_projection()"/>lon<span class="medium">[<span class="small" style="vertical-align: 15%;">lon=</span>0<span class="medium" style="vertical-align: 10%;">..</span>4]</span>
                        <span class="small" style="vertical-align: 15%; font-size: 25%;"> (Type is Int32)</span>
                     </div>
                     <input type="text" id="org_opendap_lon_dim_1" size="8" oninput="autoResize(event)"
                            onfocus="describe_index()"
                            onChange="DAP4_URL.update_url()"/>
                     <script type="text/javascript">org_opendap_lon.addDimension(org_opendap_lon_dim_1,5);
            </script>
                     <div class="tightView">
                        <ul class="collapsibleList">
                           <li>
                              <div class="small_bold" style="color:#527CC1;">attributes</div>
                              <ul>
                                 <li>
                                    <div class="small">
                                       <span class="bold">units:</span>
                                       <span class="em">degrees_east</span>
                                    </div>
                                 </li>
                              </ul>
                           </li>
                        </ul>
                     </div>
                     <script type="text/javascript">org_opendap_time = new dap_var("time", "org_opendap_time", true,false);
           
            
                DAP4_URL.add_dap_var(org_opendap_time); 
            org_opendap_time.checkBox = "get_org_opendap_time";
            </script>
                     <div style="color: black;margin-left:-15px;margin-top:10px">
                        <input type="checkbox" id="get_org_opendap_time"
                               onclick="org_opendap_time.handle_projection_change(get_org_opendap_time)"
                               onfocus="describe_projection()"/>time<span class="medium">[<span class="small" style="vertical-align: 15%;">time=</span>0<span class="medium" style="vertical-align: 10%;">..</span>-1]</span>
                        <span class="small" style="vertical-align: 15%; font-size: 25%;"> (Type is Int32)</span>
                     </div>
                     <input type="text" id="org_opendap_time_dim_1" size="8" oninput="autoResize(event)"
                            onfocus="describe_index()"
                            onChange="DAP4_URL.update_url()"/>
                     <script type="text/javascript">org_opendap_time.addDimension(org_opendap_time_dim_1,0);
            </script>
                     <div class="tightView">
                        <ul class="collapsibleList">
                           <li>
                              <div class="small_bold" style="color:#527CC1;">attributes</div>
                              <ul>
                                 <li>
                                    <div class="small">
                                       <span class="bold">units:</span>
                                       <span class="em">seconds</span>
                                    </div>
                                 </li>
                              </ul>
                           </li>
                        </ul>
                     </div>
                     <script type="text/javascript">org_opendap_z = new dap_var("z", "org_opendap_z", true,false);
           
            
                DAP4_URL.add_dap_var(org_opendap_z); 
            org_opendap_z.checkBox = "get_org_opendap_z";
            </script>
                     <div style="color: black;margin-left:-15px;margin-top:10px">
                        <input type="checkbox" id="get_org_opendap_z"
                               onclick="org_opendap_z.handle_projection_change(get_org_opendap_z)"
                               onfocus="describe_projection()"/>z<span class="medium">[<span class="small" style="vertical-align: 15%;">lat=</span>0<span class="medium" style="vertical-align: 10%;">..</span>5]</span>
                        <span class="medium">[<span class="small" style="vertical-align: 15%;">lon=</span>0<span class="medium" style="vertical-align: 10%;">..</span>4]</span>
                        <span class="small" style="vertical-align: 15%; font-size: 25%;"> (Type is Float32)</span>
                     </div>
                     <input type="text" id="org_opendap_z_dim_1" size="8" oninput="autoResize(event)"
                            onfocus="describe_index()"
                            onChange="DAP4_URL.update_url()"/>
                     <script type="text/javascript">org_opendap_z.addDimension(org_opendap_z_dim_1,6);
            </script>
                     <input type="text" id="org_opendap_z_dim_2" size="8" oninput="autoResize(event)"
                            onfocus="describe_index()"
                            onChange="DAP4_URL.update_url()"/>
                     <script type="text/javascript">org_opendap_z.addDimension(org_opendap_z_dim_2,5);
            </script>
                     <div class="tightView">
                        <ul class="collapsibleList">
                           <li>
                              <div class="small_bold" style="color:#527CC1;">attributes</div>
                              <ul>
                                 <li>
                                    <div class="small">
                                       <span class="bold">units:</span>
                                       <span class="em">meters</span>
                                    </div>
                                 </li>
                                 <li>
                                    <div class="small">
                                       <span class="bold">valid_range:</span>
                                       <span class="em">0.0000000000000005000.000000000000</span>
                                    </div>
                                 </li>
                                 <li>
                                    <div class="small">
                                       <span class="bold">_FillValue:</span>
                                       <span class="em">1.00000000</span>
                                    </div>
                                 </li>
                              </ul>
                           </li>
                        </ul>
                     </div>
                     <script type="text/javascript">org_opendap_t = new dap_var("t", "org_opendap_t", true,false);
           
            
                DAP4_URL.add_dap_var(org_opendap_t); 
            org_opendap_t.checkBox = "get_org_opendap_t";
            </script>
                     <div style="color: black;margin-left:-15px;margin-top:10px">
                        <input type="checkbox" id="get_org_opendap_t"
                               onclick="org_opendap_t.handle_projection_change(get_org_opendap_t)"
                               onfocus="describe_projection()"/>t<span class="medium">[<span class="small" style="vertical-align: 15%;">lat=</span>0<span class="medium" style="vertical-align: 10%;">..</span>5]</span>
                        <span class="medium">[<span class="small" style="vertical-align: 15%;">lon=</span>0<span class="medium" style="vertical-align: 10%;">..</span>4]</span>
                        <span class="small" style="vertical-align: 15%; font-size: 25%;"> (Type is Float32)</span>
                     </div>
                     <input type="text" id="org_opendap_t_dim_1" size="8" oninput="autoResize(event)"
                            onfocus="describe_index()"
                            onChange="DAP4_URL.update_url()"/>
                     <script type="text/javascript">org_opendap_t.addDimension(org_opendap_t_dim_1,6);
            </script>
                     <input type="text" id="org_opendap_t_dim_2" size="8" oninput="autoResize(event)"
                            onfocus="describe_index()"
                            onChange="DAP4_URL.update_url()"/>
                     <script type="text/javascript">org_opendap_t.addDimension(org_opendap_t_dim_2,5);
            </script>
                     <div class="small_italic" style="color:#B0C6EB;">no attributes</div>
                     <script type="text/javascript">org_opendap_pixel = new dap_var("pixel", "org_opendap_pixel", true,false);
           
            
                DAP4_URL.add_dap_var(org_opendap_pixel); 
            org_opendap_pixel.checkBox = "get_org_opendap_pixel";
            </script>
                     <div style="color: black;margin-left:-15px;margin-top:10px">
                        <input type="checkbox" id="get_org_opendap_pixel"
                               onclick="org_opendap_pixel.handle_projection_change(get_org_opendap_pixel)"
                               onfocus="describe_projection()"/>pixel<span class="medium">[<span class="small" style="vertical-align: 15%;">lat=</span>0<span class="medium" style="vertical-align: 10%;">..</span>5]</span>
                        <span class="medium">[<span class="small" style="vertical-align: 15%;">lon=</span>0<span class="medium" style="vertical-align: 10%;">..</span>4]</span>
                        <span class="small" style="vertical-align: 15%; font-size: 25%;"> (Type is Int16)</span>
                     </div>
                     <input type="text" id="org_opendap_pixel_dim_1" size="8" oninput="autoResize(event)"
                            onfocus="describe_index()"
                            onChange="DAP4_URL.update_url()"/>
                     <script type="text/javascript">org_opendap_pixel.addDimension(org_opendap_pixel_dim_1,6);
            </script>
                     <input type="text" id="org_opendap_pixel_dim_2" size="8" oninput="autoResize(event)"
                            onfocus="describe_index()"
                            onChange="DAP4_URL.update_url()"/>
                     <script type="text/javascript">org_opendap_pixel.addDimension(org_opendap_pixel_dim_2,5);
            </script>
                     <div class="small_italic" style="color:#B0C6EB;">no attributes</div>
                  </div>
               </td>
            </tr>
         </table>
      </form>
      <hr size="1" noshade="noshade"/>
      <table width="100%" border="0">
         <tr>
            <td/>
            <td>
               <div class="small" align="right"> Hyrax development sponsored by <a href="http://www.nsf.gov/">NSF</a> , <a href="http://www.nasa.gov/">NASA</a> , and <a href="http://www.noaa.gov/">NOAA</a>
               </div>
            </td>
         </tr>
      </table>
      <h3>OPeNDAP Hyrax (BES-87) <br/>
         <a href="/opendap/docs/">Documentation</a>
      </h3>
   </body>
   <script>CollapsibleLists.apply(true);</script>
</xhtml>