<?xml version="1.0" encoding="ISO-8859-1"?>
<Dataset xmlns="http://xml.opendap.org/ns/DAP/4.0#" xml:base="http://localhost:8080/opendap/data/hdf4/1990104h09da-gdm.hdf.gz" dapVersion="4.0" dmrVersion="1.0" name="1990104h09da-gdm.hdf">
    <Int32 name="Sea_Surface_Temperature">
        <Dim size="41"/>
        <Dim size="21"/>
        <Attribute name="long_name" type="String">
            <Value>Sea Surface Temperature</Value>
        </Attribute>
        <Attribute name="scale_factor" type="Float64">
            <Value>0.15000000596046448</Value>
        </Attribute>
        <Attribute name="scale_factor_err" type="Float64">
            <Value>0.0000000000000000</Value>
        </Attribute>
        <Attribute name="add_offset" type="Float64">
            <Value>-3.0000000000000000</Value>
        </Attribute>
        <Attribute name="add_offset_err" type="Float64">
            <Value>0.0000000000000000</Value>
        </Attribute>
        <Attribute name="calibrated_nt" type="Int32">
            <Value>20</Value>
        </Attribute>
        <Attribute name="Slope" type="Float32">
            <Value>0.1500000060</Value>
        </Attribute>
        <Attribute name="Intercept" type="Float32">
            <Value>-3.000000000</Value>
        </Attribute>
        <Attribute name="Unit" type="String">
            <Value>Degree in Celsius</Value>
        </Attribute>
        <Attribute name="Equation" type="String">
            <Value>SST (Celsius) = DN * .15 - 3.0</Value>
        </Attribute>
    </Int32>
    <Attribute name="HDF_GLOBAL" type="Container">
        <Attribute name="Title" type="String">
            <Value>AVHRR Oceans Pathfinder Equal Angle</Value>
        </Attribute>
        <Attribute name="Data_Center" type="String">
            <Value>NASA/PO.DAAC AVHRR Oceans Pathfinder</Value>
        </Attribute>
        <Attribute name="Station" type="String">
            <Value>NOAA/NESDIS</Value>
        </Attribute>
        <Attribute name="Mission" type="String">
            <Value>AVHRR Oceans Pathfinder</Value>
        </Attribute>
        <Attribute name="Mission_Characteristics" type="String">
            <Value>NOAA/NASA AVHRR Oceans Pathfinder</Value>
        </Attribute>
        <Attribute name="Sensor" type="String">
            <Value>NOAA polar orbiter data</Value>
        </Attribute>
        <Attribute name="Sensor_Characteristics" type="String">
            <Value>National Oceanic and Atmospheric Administration Polar Orbiter</Value>
        </Attribute>
        <Attribute name="Product_name" type="String">
            <Value>Equal Angle Map HDF</Value>
        </Attribute>
        <Attribute name="Quality_type" type="String">
            <Value>Best SST</Value>
        </Attribute>
        <Attribute name="Binning_period" type="String">
            <Value>DAILY</Value>
        </Attribute>
        <Attribute name="Pass" type="String">
            <Value>Ascending</Value>
        </Attribute>
        <Attribute name="Processing_control" type="String">
            <Value>Algorithm: V4.0 pathfinder flagtree 26aug96</Value>
        </Attribute>
        <Attribute name="Data_start_time" type="String">
            <Value>4/14/1990 00:00:00</Value>
        </Attribute>
        <Attribute name="Data_end_time" type="String">
            <Value>4/14/1990 23:59:59</Value>
        </Attribute>
        <Attribute name="Data_processing_time" type="String">
            <Value>Thu Jun 26 18:02:09 1997</Value>
        </Attribute>
        <Attribute name="Start_year" type="Int16">
            <Value>1990</Value>
        </Attribute>
        <Attribute name="End_year" type="Int16">
            <Value>1990</Value>
        </Attribute>
        <Attribute name="Start_day" type="Int16">
            <Value>104</Value>
        </Attribute>
        <Attribute name="End_day" type="Int16">
            <Value>104</Value>
        </Attribute>
        <Attribute name="Start_millisec" type="Int32">
            <Value>53143</Value>
        </Attribute>
        <Attribute name="End_millisec" type="Int32">
            <Value>53143</Value>
        </Attribute>
        <Attribute name="Number_of_rows" type="Int32">
            <Value>2048</Value>
        </Attribute>
        <Attribute name="Number_of_columns" type="Int32">
            <Value>4096</Value>
        </Attribute>
        <Attribute name="Map_projection" type="String">
            <Value>Equirectangular projection</Value>
        </Attribute>
        <Attribute name="Parameter_name" type="String">
            <Value>Sea Surface Temperature</Value>
        </Attribute>
        <Attribute name="Orbit" type="Float32">
            <Value>8007.000000</Value>
        </Attribute>
        <Attribute name="Maximum_Latitude" type="Float32">
            <Value>89.95605469</Value>
        </Attribute>
        <Attribute name="Minimum_Latitude" type="Float32">
            <Value>-89.95605469</Value>
        </Attribute>
        <Attribute name="Maximum_Longitude" type="Float32">
            <Value>179.9560547</Value>
        </Attribute>
        <Attribute name="Minimum_Longitude" type="Float32">
            <Value>-179.9560547</Value>
        </Attribute>
    </Attribute>
    <Attribute name="Sea_Surface_Temperature_dim_0" type="Container">
        <Attribute name="name" type="String">
            <Value>Longitude</Value>
        </Attribute>
    </Attribute>
    <Attribute name="Sea_Surface_Temperature_dim_1" type="Container">
        <Attribute name="name" type="String">
            <Value>Latitude</Value>
        </Attribute>
    </Attribute>
    <Attribute name="Number_of_Observations_per_Bin_dim_0" type="Container">
        <Attribute name="name" type="String">
            <Value>fakeDim2</Value>
        </Attribute>
    </Attribute>
    <Attribute name="Number_of_Observations_per_Bin_dim_1" type="Container">
        <Attribute name="name" type="String">
            <Value>fakeDim3</Value>
        </Attribute>
    </Attribute>
</Dataset>
