Dataset: 1998-6-avhrr.dat
GSO_AVHRR.DODS_URL
"http://dods.gso.uri.edu/cgi-bin/nph-dsp/avhrr/1998/6/f98160174500.pvu.Z"
"http://dods.gso.uri.edu/cgi-bin/nph-dsp/avhrr/1998/6/f98160192448.pvu.Z"
"http://dods.gso.uri.edu/cgi-bin/nph-dsp/avhrr/1998/6/f98161074640.pvu.Z"
"http://dods.gso.uri.edu/cgi-bin/nph-dsp/avhrr/1998/6/f98161191232.pvu.Z"
"http://dods.gso.uri.edu/cgi-bin/nph-dsp/avhrr/1998/6/f98162073546.pvu.Z"
"http://dods.gso.uri.edu/cgi-bin/nph-dsp/avhrr/1998/6/f98162190024.pvu.Z"
"http://dods.gso.uri.edu/cgi-bin/nph-dsp/avhrr/1998/6/f98163072428.pvu.Z"
"http://dods.gso.uri.edu/cgi-bin/nph-dsp/avhrr/1998/6/f98163184923.pvu.Z"
"http://dods.gso.uri.edu/cgi-bin/nph-dsp/avhrr/1998/6/f98164071338.pvu.Z"
"http://dods.gso.uri.edu/cgi-bin/nph-dsp/avhrr/1998/6/f98164183827.pvu.Z"
"http://dods.gso.uri.edu/cgi-bin/nph-dsp/avhrr/1998/6/f98165070257.pvu.Z"
"http://dods.gso.uri.edu/cgi-bin/nph-dsp/avhrr/1998/6/h98160213520.pvu.Z"
"http://dods.gso.uri.edu/cgi-bin/nph-dsp/avhrr/1998/6/h98161113339.pvu.Z"
"http://dods.gso.uri.edu/cgi-bin/nph-dsp/avhrr/1998/6/h98161211429.pvu.Z"
"http://dods.gso.uri.edu/cgi-bin/nph-dsp/avhrr/1998/6/h98162111006.pvu.Z"
"http://dods.gso.uri.edu/cgi-bin/nph-dsp/avhrr/1998/6/h98162223038.pvu.Z"
"http://dods.gso.uri.edu/cgi-bin/nph-dsp/avhrr/1998/6/h98163104806.pvu.Z"
"http://dods.gso.uri.edu/cgi-bin/nph-dsp/avhrr/1998/6/h98163220807.pvu.Z"
"http://dods.gso.uri.edu/cgi-bin/nph-dsp/avhrr/1998/6/h98164102624.pvu.Z"
"http://dods.gso.uri.edu/cgi-bin/nph-dsp/avhrr/1998/6/h98164214614.pvu.Z"
"http://dods.gso.uri.edu/cgi-bin/nph-dsp/avhrr/1998/6/h98165100500.pvu.Z"
"http://dods.gso.uri.edu/cgi-bin/nph-dsp/avhrr/1998/6/h98165114623.pvu.Z"
