




<!DOCTYPE html PUBLIC "-//W3C//DTD XHTML 1.0 Transitional//EN" "http://www.w3.org/TR/xhtml1/DTD/xhtml1-transitional.dtd">

<html xmlns="http://www.w3.org/1999/xhtml">

<head>
    <meta http-equiv="Content-Type" content="text/html; charset=UTF-8"/>
    <link rel='stylesheet' href='/opendap/docs/css/contents.css' type='text/css'/>
    <title>Hyrax: ERROR</title>
    <style type="text/css">
        <!--
        .style1 {
            font-size: 24px;
            font-weight: bold;
        }

        -->
    </style>
</head>

<body>
<p>&nbsp;</p>

<h1 align="center">Hyrax Error - Internal Error (500)</h1>
<hr size="1" noshade="noshade"/>
<table width="100%" border="0">
    <tr>
        <td>
            <img src="/opendap/docs/images/superman.jpg"
                 alt="Bad things are happening"
                 title="Bad things are happening"
                 width="320"
                 height="426"/>
        </td>
        <td>
            <p align="left" class="style1">OUCH!</p>

            <p align="left">Something Bad Happened On This Server.</p>
            
            <p align="left">The specific error message associated with your request was:</p>
            <blockquote> <p><strong>libdap error transmitting DDX: An internal error was encountered:
Unimplemented BaseType::read() method called for the variable named: SST
Please report this to support@opendap.org </strong></p> </blockquote>
            

            <p align="left">If you think that the server is broken (that the URL you submitted should have
                worked), then please contact the OPeNDAP user support coordinator at:
                <a href="mailto:admin.email.address@your.domain.name">admin.email.address@your.domain.name</a>
            </p>
        </td>
    </tr>

</table>
<hr size="1" noshade="noshade"/>
<h1 align="center">Hyrax Error - Internal Error (500)</h1>
</body>
</html>
