




<!DOCTYPE html PUBLIC "-//W3C//DTD XHTML 1.0 Transitional//EN" "http://www.w3.org/TR/xhtml1/DTD/xhtml1-transitional.dtd">



<html xmlns="http://www.w3.org/1999/xhtml">
<head>
<meta http-equiv="Content-Type" content="text/html; charset=UTF-8" />
  <link rel='stylesheet' href='/opendap/docs/css/contents.css' type='text/css' />
<title>Hyrax:  Bad Request</title>
</head>

<body>
<p align="left">&nbsp;</p>

<h1 align="center">Hyrax - Bad Request (400) </h1>
<hr align="left" size="1" noshade="noshade"/>
<table width="100%" border="0">
    <tr>
        <td><img src="/opendap/docs/images/BadDapRequest.gif" alt="Bad DAP Request" title="Bad DAP Request"
                 width="323" height="350"/></td>
        <td>
            <p align="left">It appears that you have submitted a Bad Request. </p>
            
            <p align="left">The specific error message associated with your request was:</p>
            <blockquote> <p><strong>libdap error transmitting DMR: u,v:1.2: syntax error, unexpected &#34;,&#34;, expecting end of file </strong></p> </blockquote>
            

            <p align="left">There may simply be problem with the syntax of your OPeNDAP URL. If you are using server
                side functions in your constraint expression you should double check the syntax of the functions that you are
                attempting to use.</p>

            <p align="left">It may also be that the URL extension did not match any that are known by this server. </p>

            <p align="left">Here is a list of the six URL extensions that are be recognized by all DAP servers:  <br/><br/>
            <span style="margin: 20px;"><strong>dds</strong> - <em>The DAP2 syntactic (structural) metadata response.</em></span><br/>
            <span style="margin: 20px;"><strong>dds</strong> - <em>The DAP2 semantic metadata response.</em></span><br/>
            <span style="margin: 20px;"><strong>dods</strong> - <em>The DAP2 data response.</em></span><br/>
            <span style="margin: 20px;"><strong>info</strong> - <em>The DAP2 HTML dataset information page.</em></span><br/>
            <span style="margin: 20px;"><strong>html</strong> - <em>The DAP2 HTML data request form.</em></span><br/>
            <span style="margin: 20px;"><strong>ascii</strong> - <em>The DAP2 ASCII data response.</em></span><br/>

            </p>
            <p align="left">
                In addition <strong>Hyrax</strong> and other new servers support the following DAP4 URL extensions: <br/><br/>
                <span style="margin: 20px;"><strong>dmr</strong> - <em>The DAP4 dataset metadata response.</em></span><br/>
                <span style="margin: 20px;"><strong>dap</strong> - <em>The DAP4 data response.</em></span><br/>
                <span style="margin: 20px;"><strong>dsr</strong> - <em>The DAP4 dataset services response.</em></span><br/>
                <span style="margin: 20px;"><strong>ddx</strong> - <em>The DAP3.2 dataset metadata response.</em></span><br/>

            </p>
            <p align="left"> If you think that the server is broken (that the URL you submitted should have worked),
                then please contact the OPeNDAP user support coordinator at:
                <a href="mailto:support@opendap.org?subject=Hyrax Error 400&amp;body=url: http://localhost:8080/opendap/error/error400.jsp?dap4.ce=u,v%0Astatus: 400%0Amessage: libdap error transmitting DMR: u,v:1.2: syntax error, unexpected &amp;#34;,&amp;#34;, expecting end of file%0A-- --%0A">support@opendap.org</a>
            </p>
        </td>
    </tr>
</table>
<hr align="left" size="1" noshade="noshade"/>
<h1 align="center">Hyrax - Bad Request (400) </h1>
</body>
</html>
