{
  "name":  =  "ERROR",
  "type":  =  "node",
  "attributes":  =  "[]",
  "leaves":  =  ["
    {
      "name":  =  "Message",
      "type":  =  "String",
      "attributes":  =  "[]",
      "data":  =  "A BESTimeOutError was requested."
    },
      "name":  =  "HttpStatus",
      "type":  =  "Int32",
      "attributes":  =  "[]",
      "data":  =  504
    }
}
