<?xml version="1.1" encoding="UTF-8"?>
<!--
~ /////////////////////////////////////////////////////////////////////////////
~ // This file is part of the "Hyrax Data Server" project.
~ //
~ //
~ // Copyright (c) 2018 OPeNDAP, Inc.
~ // Author: Nathan David Potter <ndp@opendap.org>
~ //
~ // This library is free software; you can redistribute it and/or
~ // modify it under the terms of the GNU Lesser General Public
~ // License as published by the Free Software Foundation; either
~ // version 2.1 of the License, or (at your option) any later version.
~ //
~ // This library is distributed in the hope that it will be useful,
~ // but WITHOUT ANY WARRANTY; without even the implied warranty of
~ // MERCHANTABILITY or FITNESS FOR A PARTICULAR PURPOSE. See the GNU
~ // Lesser General Public License for more details.
~ //
~ // You should have received a copy of the GNU Lesser General Public
~ // License along with this library; if not, write to the Free Software
~ // Foundation, Inc., 51 Franklin Street, Fifth Floor, Boston, MA 02110-1301
~ //
~ // You can contact OPeNDAP, Inc. at PO Box 112, Saunderstown, RI. 02874-0112.
~ /////////////////////////////////////////////////////////////////////////////
        --><xhtml xmlns:dap="http://xml.opendap.org/ns/DAP/4.0#">
   <head>
      <link rel="stylesheet" href="/opendap/docs/css/collapse.css" type="text/css"/>
      <link rel="stylesheet" href="/opendap/docs/css/contents.css" type="text/css"/>
      <link rel="stylesheet" href="/opendap/docs/css/treeView.css" type="text/css"/>
      <script type="text/javascript" src="/opendap/js/CollapsibleLists.js"> </script>
      <script type="text/javascript" src="/opendap/js/dap4_buttons.js"> </script>
      <script type="text/javascript">
                    DAP4_URL = new dap4_url("http://localhost:8080/opendap/data/ff/1998-6-avhrr.dat");
                    DEBUG = new debug_obj();
                </script>
      <title>DAP4 Data Request Form (beta)1998-6-avhrr.dat</title>
   </head>
   <body>
      <table width="100%" border="0">
         <tr>
            <td>
               <img alt="OPeNDAP Logo" src="/opendap/docs/images/logo.png"/>
            </td>
            <td>
               <div class="large">OPeNDAP Data Access Form</div>
            </td>
         </tr>
      </table>
      <h1>
         <span style="font-size: 12px;  vertical-align: 35%; font-weight: normal;">dataset:</span>
         <span style="font-size: 20px;  vertical-align: 15%; font-weight: normal;">1998-6-avhrr.dat</span>
      </h1>
      <hr size="1" noshade="noshade"/>
      <form action="">
         <table width="100%" border="0">
            <tr>
               <td align="right">
                  <div class="medium_bold">
                     <a href="http://www.opendap.org/online_help_files/opendap_form_help.html#disposition"
                        target="help">
                        Actions
                    </a>
                  </div>
               </td>
               <td>
                  <div style="width:100%;margin-left:10px;">
                     <input type="button" value="Get as CSV" onclick="binary_button('dap.csv')"/>
                     <input type="button" value="Get as NetCDF 3" onclick="binary_button('dap.nc')"/>
                     <input type="button" value="Get as NetCDF 4" onclick="binary_button('dap.nc4')"/>
                     <input type="button" value="DAP4 Binary Object" onclick="binary_button('dap')"/>
                     <input type="button" value="DAP2 Binary Object" onclick="binary_button('dods')"/>
                     <input type="button" value="Show Help" onclick="help_button()"/>
                  </div>
               </td>
            </tr>
            <tr>
               <td align="right">
                  <div class="medium_bold">
                     <a href="http://www.opendap.org/online_help_files/opendap_form_help.html#data_url"
                        target="help">
                        Data URL
                    </a>
                  </div>
               </td>
               <td>
                  <input name="url" type="text" style="width:98%;margin-left:10;"
                         value="http://localhost:8080/opendap/data/ff/1998-6-avhrr.dat"/>
               </td>
            </tr>
            <tr>
               <td>
                  <hr size="1" noshade="noshade" width="80%"/>
               </td>
               <td>
                  <hr size="1" noshade="noshade" width="100%"/>
               </td>
            </tr>
            <tr>
               <td align="right" style="vertical-align:text-top">
                  <div class="medium_bold">
                     <a href="http://www.opendap.org/online_help_files/opendap_form_help.html#global_attr"
                        target="help">
                        Global Attributes
                    </a>
                  </div>
               </td>
               <td width="100%">
                  <div style="width:100%;margin-left:10px;">
                     <ul class="collapsibleList">
                        <li>
                           <div class="tightView">
                              <div class="small_bold">FF_GLOBAL</div>
                              <ul>
                                 <li>
                                    <div class="small">
                                       <span class="bold">Server:
                        </span>
                                       <span class="em">DODS FreeFrom based on FFND release 4.2.3</span>
                                    </div>
                                 </li>
                              </ul>
                           </div>
                        </li>
                     </ul>
                     <ul class="collapsibleList">
                        <li>
                           <div class="tightView">
                              <div class="small_bold">DODS_Time</div>
                              <ul>
                                 <li>
                                    <div class="small">
                                       <span class="bold">hours_variable:
                        </span>
                                       <span class="em">GSO_AVHRR.hh</span>
                                    </div>
                                 </li>
                                 <li>
                                    <div class="small">
                                       <span class="bold">minutes_variable:
                        </span>
                                       <span class="em">GSO_AVHRR.mm</span>
                                    </div>
                                 </li>
                                 <li>
                                    <div class="small">
                                       <span class="bold">seconds_variable:
                        </span>
                                       <span class="em">GSO_AVHRR.ss</span>
                                    </div>
                                 </li>
                                 <li>
                                    <div class="small">
                                       <span class="bold">gmt_time:
                        </span>
                                       <span class="em">true</span>
                                    </div>
                                 </li>
                              </ul>
                           </div>
                        </li>
                     </ul>
                     <ul class="collapsibleList">
                        <li>
                           <div class="tightView">
                              <div class="small_bold">DODS_Date</div>
                              <ul>
                                 <li>
                                    <div class="small">
                                       <span class="bold">year_variable:
                        </span>
                                       <span class="em">GSO_AVHRR.year</span>
                                    </div>
                                 </li>
                                 <li>
                                    <div class="small">
                                       <span class="bold">year_base:
                        </span>
                                       <span class="em">1900</span>
                                    </div>
                                 </li>
                                 <li>
                                    <div class="small">
                                       <span class="bold">year_day_variable:
                        </span>
                                       <span class="em">GSO_AVHRR.day_num</span>
                                    </div>
                                 </li>
                              </ul>
                           </div>
                        </li>
                     </ul>
                  </div>
               </td>
            </tr>
            <tr>
               <td>
                  <hr size="1" noshade="noshade" width="80%"/>
               </td>
               <td>
                  <hr size="1" noshade="noshade" width="100%"/>
               </td>
            </tr>
            <tr>
               <td align="right" style="vertical-align:text-top">
                  <div class="medium_bold">
                     <a href="http://www.opendap.org/online_help_files/opendap_form_help.html#shared_dimesions"
                        target="help">Global Dimensions
                    </a>
                  </div>
               </td>
               <td>
                  <div style="margin-left:25px;"/>
               </td>
            </tr>
            <tr>
               <td>
                  <hr size="1" noshade="noshade" width="80%"/>
               </td>
               <td>
                  <hr size="1" noshade="noshade" width="100%"/>
               </td>
            </tr>
            <tr>
               <td align="right" style="vertical-align:text-top">
                  <div class="medium_bold">
                     <a href="http://www.opendap.org/online_help_files/opendap_form_help.html#dataset_variables"
                        target="help">Variables
                    </a>
                  </div>
               </td>
               <td>
                  <div style="margin-left:25px;">
                     <script type="text/javascript">
            if(DEBUG.enabled()) alert(
            "myFQN:         GSO_AVHRR\n" +
            "myJSVarName:   org_opendap_var_1\n" +
            "checkBoxName:  get_org_opendap_var_1\n" +
            "isContainer:   true\n" +
            "isArray:       false\n" +
            "(parent) container: \n"
            );

            org_opendap_var_1 = new dap_var("GSO_AVHRR", "org_opendap_var_1", false,true);

            
                DAP4_URL.add_dap_var(org_opendap_var_1);
            org_opendap_var_1.checkBox = "get_org_opendap_var_1";
            </script>
                     <div style="color: black;margin-left:-20px;margin-top:10px">
                        <input type="checkbox" id="get_org_opendap_var_1"
                               onclick="org_opendap_var_1.handle_projection_change(get_org_opendap_var_1)"
                               onfocus="describe_projection()"/>GSO_AVHRR<span class="small" style="vertical-align: 15%; font-size: 25%;">(Type is Sequence)
            </span>
                     </div>
                     <div class="small_italic" style="color:#B0C6EB;">no attributes</div>
                     <div class="tightView">
                        <button type="button" class="collapsible" onclick="doNothing()">
                           <img style="padding-right: 3px;" alt="click-to-open"
                                src="/opendap/docs/images/button-closed.png"/>member variables
            </button>
                        <div class="content">
                           <ul>
                              <li>
                                 <script type="text/javascript">
            if(DEBUG.enabled()) alert(
            "myFQN:         GSO_AVHRR.satellite\n" +
            "myJSVarName:   org_opendap_var_1\n" +
            "checkBoxName:  get_org_opendap_var_1\n" +
            "isContainer:   false\n" +
            "isArray:       false\n" +
            "(parent) container: org_opendap_var_1\n"
            );

            org_opendap_var_1 = new dap_var("GSO_AVHRR.satellite", "org_opendap_var_1", false,false);

            org_opendap_var_1.checkBox = "get_org_opendap_var_1";
            org_opendap_var_1.addChildVar(org_opendap_var_1);
                org_opendap_var_1.parentContainer = org_opendap_var_1;
            </script>
                                 <div style="color: black;margin-left:-20px;margin-top:10px">
                                    <input type="checkbox" id="get_org_opendap_var_1"
                                           onclick="org_opendap_var_1.handle_projection_change(get_org_opendap_var_1)"
                                           onfocus="describe_projection()"/>satellite<span class="small" style="vertical-align: 15%; font-size: 25%;">(Type is String)
            </span>
                                 </div>
                                 <div class="medium" style="margin-left: 10px;padding: 1px;"
                                      id="org_opendap_var_1_selection">satellite<select id="org_opendap_var_1_relOpWidget_0" onfocus="describe_selection()"
                                            onchange="DAP4_URL.update_url()">
                                       <option value="==" selected="">==</option>
                                       <option value="!=">!=</option>
                                       <option value="&lt;">&lt;</option>
                                       <option value="&lt;=">&lt;=</option>
                                       <option value="&gt;">&gt;</option>
                                       <option value="&gt;=">&gt;=</option>
                                       <option value="-">--</option>
                                    </select>
                                    <input type="text" id="org_opendap_var_1_rValueWidget_0" size="6"
                                           onFocus="describe_selection()"
                                           onChange="DAP4_URL.update_url()"/>
                                 </div>
                                 <script type="text/javascript">org_opendap_var_1.addSelectionClause("org_opendap_var_1_selection",
            org_opendap_var_1_relOpWidget_0,
            org_opendap_var_1_rValueWidget_0);
        </script>
                                 <div class="small_italic" style="color:#B0C6EB;">no attributes</div>
                              </li>
                              <li>
                                 <script type="text/javascript">
            if(DEBUG.enabled()) alert(
            "myFQN:         GSO_AVHRR.year\n" +
            "myJSVarName:   org_opendap_var_2\n" +
            "checkBoxName:  get_org_opendap_var_2\n" +
            "isContainer:   false\n" +
            "isArray:       false\n" +
            "(parent) container: org_opendap_var_1\n"
            );

            org_opendap_var_2 = new dap_var("GSO_AVHRR.year", "org_opendap_var_2", false,false);

            org_opendap_var_2.checkBox = "get_org_opendap_var_2";
            org_opendap_var_1.addChildVar(org_opendap_var_2);
                org_opendap_var_2.parentContainer = org_opendap_var_1;
            </script>
                                 <div style="color: black;margin-left:-20px;margin-top:10px">
                                    <input type="checkbox" id="get_org_opendap_var_2"
                                           onclick="org_opendap_var_2.handle_projection_change(get_org_opendap_var_2)"
                                           onfocus="describe_projection()"/>year<span class="small" style="vertical-align: 15%; font-size: 25%;">(Type is Int32)
            </span>
                                 </div>
                                 <div class="medium" style="margin-left: 10px;padding: 1px;"
                                      id="org_opendap_var_2_selection">year<select id="org_opendap_var_2_relOpWidget_0" onfocus="describe_selection()"
                                            onchange="DAP4_URL.update_url()">
                                       <option value="==" selected="">==</option>
                                       <option value="!=">!=</option>
                                       <option value="&lt;">&lt;</option>
                                       <option value="&lt;=">&lt;=</option>
                                       <option value="&gt;">&gt;</option>
                                       <option value="&gt;=">&gt;=</option>
                                       <option value="-">--</option>
                                    </select>
                                    <input type="text" id="org_opendap_var_2_rValueWidget_0" size="6"
                                           onFocus="describe_selection()"
                                           onChange="DAP4_URL.update_url()"/>
                                 </div>
                                 <script type="text/javascript">org_opendap_var_2.addSelectionClause("org_opendap_var_2_selection",
            org_opendap_var_2_relOpWidget_0,
            org_opendap_var_2_rValueWidget_0);
        </script>
                                 <div class="small_italic" style="color:#B0C6EB;">no attributes</div>
                              </li>
                              <li>
                                 <script type="text/javascript">
            if(DEBUG.enabled()) alert(
            "myFQN:         GSO_AVHRR.day_num\n" +
            "myJSVarName:   org_opendap_var_3\n" +
            "checkBoxName:  get_org_opendap_var_3\n" +
            "isContainer:   false\n" +
            "isArray:       false\n" +
            "(parent) container: org_opendap_var_1\n"
            );

            org_opendap_var_3 = new dap_var("GSO_AVHRR.day_num", "org_opendap_var_3", false,false);

            org_opendap_var_3.checkBox = "get_org_opendap_var_3";
            org_opendap_var_1.addChildVar(org_opendap_var_3);
                org_opendap_var_3.parentContainer = org_opendap_var_1;
            </script>
                                 <div style="color: black;margin-left:-20px;margin-top:10px">
                                    <input type="checkbox" id="get_org_opendap_var_3"
                                           onclick="org_opendap_var_3.handle_projection_change(get_org_opendap_var_3)"
                                           onfocus="describe_projection()"/>day_num<span class="small" style="vertical-align: 15%; font-size: 25%;">(Type is Int32)
            </span>
                                 </div>
                                 <div class="medium" style="margin-left: 10px;padding: 1px;"
                                      id="org_opendap_var_3_selection">day_num<select id="org_opendap_var_3_relOpWidget_0" onfocus="describe_selection()"
                                            onchange="DAP4_URL.update_url()">
                                       <option value="==" selected="">==</option>
                                       <option value="!=">!=</option>
                                       <option value="&lt;">&lt;</option>
                                       <option value="&lt;=">&lt;=</option>
                                       <option value="&gt;">&gt;</option>
                                       <option value="&gt;=">&gt;=</option>
                                       <option value="-">--</option>
                                    </select>
                                    <input type="text" id="org_opendap_var_3_rValueWidget_0" size="6"
                                           onFocus="describe_selection()"
                                           onChange="DAP4_URL.update_url()"/>
                                 </div>
                                 <script type="text/javascript">org_opendap_var_3.addSelectionClause("org_opendap_var_3_selection",
            org_opendap_var_3_relOpWidget_0,
            org_opendap_var_3_rValueWidget_0);
        </script>
                                 <div class="small_italic" style="color:#B0C6EB;">no attributes</div>
                              </li>
                              <li>
                                 <script type="text/javascript">
            if(DEBUG.enabled()) alert(
            "myFQN:         GSO_AVHRR.hh\n" +
            "myJSVarName:   org_opendap_var_4\n" +
            "checkBoxName:  get_org_opendap_var_4\n" +
            "isContainer:   false\n" +
            "isArray:       false\n" +
            "(parent) container: org_opendap_var_1\n"
            );

            org_opendap_var_4 = new dap_var("GSO_AVHRR.hh", "org_opendap_var_4", false,false);

            org_opendap_var_4.checkBox = "get_org_opendap_var_4";
            org_opendap_var_1.addChildVar(org_opendap_var_4);
                org_opendap_var_4.parentContainer = org_opendap_var_1;
            </script>
                                 <div style="color: black;margin-left:-20px;margin-top:10px">
                                    <input type="checkbox" id="get_org_opendap_var_4"
                                           onclick="org_opendap_var_4.handle_projection_change(get_org_opendap_var_4)"
                                           onfocus="describe_projection()"/>hh<span class="small" style="vertical-align: 15%; font-size: 25%;">(Type is Int32)
            </span>
                                 </div>
                                 <div class="medium" style="margin-left: 10px;padding: 1px;"
                                      id="org_opendap_var_4_selection">hh<select id="org_opendap_var_4_relOpWidget_0" onfocus="describe_selection()"
                                            onchange="DAP4_URL.update_url()">
                                       <option value="==" selected="">==</option>
                                       <option value="!=">!=</option>
                                       <option value="&lt;">&lt;</option>
                                       <option value="&lt;=">&lt;=</option>
                                       <option value="&gt;">&gt;</option>
                                       <option value="&gt;=">&gt;=</option>
                                       <option value="-">--</option>
                                    </select>
                                    <input type="text" id="org_opendap_var_4_rValueWidget_0" size="6"
                                           onFocus="describe_selection()"
                                           onChange="DAP4_URL.update_url()"/>
                                 </div>
                                 <script type="text/javascript">org_opendap_var_4.addSelectionClause("org_opendap_var_4_selection",
            org_opendap_var_4_relOpWidget_0,
            org_opendap_var_4_rValueWidget_0);
        </script>
                                 <div class="small_italic" style="color:#B0C6EB;">no attributes</div>
                              </li>
                              <li>
                                 <script type="text/javascript">
            if(DEBUG.enabled()) alert(
            "myFQN:         GSO_AVHRR.mm\n" +
            "myJSVarName:   org_opendap_var_5\n" +
            "checkBoxName:  get_org_opendap_var_5\n" +
            "isContainer:   false\n" +
            "isArray:       false\n" +
            "(parent) container: org_opendap_var_1\n"
            );

            org_opendap_var_5 = new dap_var("GSO_AVHRR.mm", "org_opendap_var_5", false,false);

            org_opendap_var_5.checkBox = "get_org_opendap_var_5";
            org_opendap_var_1.addChildVar(org_opendap_var_5);
                org_opendap_var_5.parentContainer = org_opendap_var_1;
            </script>
                                 <div style="color: black;margin-left:-20px;margin-top:10px">
                                    <input type="checkbox" id="get_org_opendap_var_5"
                                           onclick="org_opendap_var_5.handle_projection_change(get_org_opendap_var_5)"
                                           onfocus="describe_projection()"/>mm<span class="small" style="vertical-align: 15%; font-size: 25%;">(Type is Int32)
            </span>
                                 </div>
                                 <div class="medium" style="margin-left: 10px;padding: 1px;"
                                      id="org_opendap_var_5_selection">mm<select id="org_opendap_var_5_relOpWidget_0" onfocus="describe_selection()"
                                            onchange="DAP4_URL.update_url()">
                                       <option value="==" selected="">==</option>
                                       <option value="!=">!=</option>
                                       <option value="&lt;">&lt;</option>
                                       <option value="&lt;=">&lt;=</option>
                                       <option value="&gt;">&gt;</option>
                                       <option value="&gt;=">&gt;=</option>
                                       <option value="-">--</option>
                                    </select>
                                    <input type="text" id="org_opendap_var_5_rValueWidget_0" size="6"
                                           onFocus="describe_selection()"
                                           onChange="DAP4_URL.update_url()"/>
                                 </div>
                                 <script type="text/javascript">org_opendap_var_5.addSelectionClause("org_opendap_var_5_selection",
            org_opendap_var_5_relOpWidget_0,
            org_opendap_var_5_rValueWidget_0);
        </script>
                                 <div class="small_italic" style="color:#B0C6EB;">no attributes</div>
                              </li>
                              <li>
                                 <script type="text/javascript">
            if(DEBUG.enabled()) alert(
            "myFQN:         GSO_AVHRR.ss\n" +
            "myJSVarName:   org_opendap_var_6\n" +
            "checkBoxName:  get_org_opendap_var_6\n" +
            "isContainer:   false\n" +
            "isArray:       false\n" +
            "(parent) container: org_opendap_var_1\n"
            );

            org_opendap_var_6 = new dap_var("GSO_AVHRR.ss", "org_opendap_var_6", false,false);

            org_opendap_var_6.checkBox = "get_org_opendap_var_6";
            org_opendap_var_1.addChildVar(org_opendap_var_6);
                org_opendap_var_6.parentContainer = org_opendap_var_1;
            </script>
                                 <div style="color: black;margin-left:-20px;margin-top:10px">
                                    <input type="checkbox" id="get_org_opendap_var_6"
                                           onclick="org_opendap_var_6.handle_projection_change(get_org_opendap_var_6)"
                                           onfocus="describe_projection()"/>ss<span class="small" style="vertical-align: 15%; font-size: 25%;">(Type is Int32)
            </span>
                                 </div>
                                 <div class="medium" style="margin-left: 10px;padding: 1px;"
                                      id="org_opendap_var_6_selection">ss<select id="org_opendap_var_6_relOpWidget_0" onfocus="describe_selection()"
                                            onchange="DAP4_URL.update_url()">
                                       <option value="==" selected="">==</option>
                                       <option value="!=">!=</option>
                                       <option value="&lt;">&lt;</option>
                                       <option value="&lt;=">&lt;=</option>
                                       <option value="&gt;">&gt;</option>
                                       <option value="&gt;=">&gt;=</option>
                                       <option value="-">--</option>
                                    </select>
                                    <input type="text" id="org_opendap_var_6_rValueWidget_0" size="6"
                                           onFocus="describe_selection()"
                                           onChange="DAP4_URL.update_url()"/>
                                 </div>
                                 <script type="text/javascript">org_opendap_var_6.addSelectionClause("org_opendap_var_6_selection",
            org_opendap_var_6_relOpWidget_0,
            org_opendap_var_6_rValueWidget_0);
        </script>
                                 <div class="small_italic" style="color:#B0C6EB;">no attributes</div>
                              </li>
                              <li>
                                 <script type="text/javascript">
            if(DEBUG.enabled()) alert(
            "myFQN:         GSO_AVHRR.DODS_URL\n" +
            "myJSVarName:   org_opendap_var_7\n" +
            "checkBoxName:  get_org_opendap_var_7\n" +
            "isContainer:   false\n" +
            "isArray:       false\n" +
            "(parent) container: org_opendap_var_1\n"
            );

            org_opendap_var_7 = new dap_var("GSO_AVHRR.DODS_URL", "org_opendap_var_7", false,false);

            org_opendap_var_7.checkBox = "get_org_opendap_var_7";
            org_opendap_var_1.addChildVar(org_opendap_var_7);
                org_opendap_var_7.parentContainer = org_opendap_var_1;
            </script>
                                 <div style="color: black;margin-left:-20px;margin-top:10px">
                                    <input type="checkbox" id="get_org_opendap_var_7"
                                           onclick="org_opendap_var_7.handle_projection_change(get_org_opendap_var_7)"
                                           onfocus="describe_projection()"/>DODS_URL<span class="small" style="vertical-align: 15%; font-size: 25%;">(Type is String)
            </span>
                                 </div>
                                 <div class="medium" style="margin-left: 10px;padding: 1px;"
                                      id="org_opendap_var_7_selection">DODS_URL<select id="org_opendap_var_7_relOpWidget_0" onfocus="describe_selection()"
                                            onchange="DAP4_URL.update_url()">
                                       <option value="==" selected="">==</option>
                                       <option value="!=">!=</option>
                                       <option value="&lt;">&lt;</option>
                                       <option value="&lt;=">&lt;=</option>
                                       <option value="&gt;">&gt;</option>
                                       <option value="&gt;=">&gt;=</option>
                                       <option value="-">--</option>
                                    </select>
                                    <input type="text" id="org_opendap_var_7_rValueWidget_0" size="6"
                                           onFocus="describe_selection()"
                                           onChange="DAP4_URL.update_url()"/>
                                 </div>
                                 <script type="text/javascript">org_opendap_var_7.addSelectionClause("org_opendap_var_7_selection",
            org_opendap_var_7_relOpWidget_0,
            org_opendap_var_7_rValueWidget_0);
        </script>
                                 <div class="small_italic" style="color:#B0C6EB;">no attributes</div>
                              </li>
                           </ul>
                        </div>
                     </div>
                  </div>
               </td>
            </tr>
         </table>
         <hr size="1" noshade="noshade"/>
         <table width="100%" border="0">
            <tr>
               <td class="small">
                  <input type="checkbox" id="debug_checkbox"/>debug
                                <script type="text/javascript">
                                    DEBUG.setCheckBox(debug_checkbox);
                                </script>
               </td>
               <td>
                  <div class="small" align="right">Hyrax development sponsored by
                                    <a href="http://www.nsf.gov/">NSF</a>,
                                    <a href="http://www.nasa.gov/">NASA</a>, and
                                    <a href="http://www.noaa.gov/">NOAA</a>
                  </div>
               </td>
            </tr>
         </table>
      </form>
      <h3>OPeNDAP Hyrax (Not.A.Release)
                    <div>
            <a href="/opendap/docs/">Documentation</a>
            <span class="small"
                  style="font-weight: normal; display: inline; float: right; padding-right: 10px;">
               <a href="mailto:support@opendap.org?subject=Hyrax Usage Question&amp;body=%0A%0A%0A%0A%0A# -- -- -- -- -- -- -- -- -- -- -- -- -- -- -- -- --%0A# %0A# We're sorry you had a problem using the server.%0A# Please use the space above to describe what you%0A# were trying to do and we will try to assist you.%0A# Thanks,%0A# OPeNDAP Support.%0A# %0A# -- -- -- hyrax location info, please include -- -- --%0A# %0A# request_url: http://localhost:8080/opendap/hyrax/data/ff/1998-6-avhrr.dat.dmr.html%0A# protocol: HTTP/1.1%0A# server: localhost%0A# port: 8080%0A# javax.servlet.forward.request_uri: /opendap/data/ff/1998-6-avhrr.dat.dmr.html%0A# query_string: dap4.ce=GSO_AVHRR%7C160%3Cday_num%3C170%0A# status: 200%0A# %0A# -- -- -- -- -- -- -- -- -- -- -- -- -- -- -- -- --%0A">Questions? Contact Support</a>
            </span>
         </div>
      </h3>
      <script type="application/ld+json">
{
  "@context": {
    "@vocab": "http://schema.org"
  },
  "@type": "Dataset",
  "name": "1998-6-avhrr.dat",
  "url": "http://localhost:8080/opendap/data/ff/1998-6-avhrr.dat",
  "includedInDataCatalog": { 
    "@type": "DataCatalog", 
    "name": "Hyrax Data Server", 
    "sameAs": "http://localhost:8080/opendap/hyrax/data/ff/contents.html"
  },
  "variableMeasured": [
  {
    "@type": "PropertyValue",
    "name": "http://localhost:8080/opendap/data/ff/1998-6-avhrr.dat",
    "valueReference": [ 
        {
          "@type": "PropertyValue", 
          "name": "Server", 
          "value": "DODS FreeFrom based on FFND release 4.2.3"        },
        {
          "@type": "PropertyValue", 
          "name": "hours_variable", 
          "value": "GSO_AVHRR.hh"        },
        {
          "@type": "PropertyValue", 
          "name": "minutes_variable", 
          "value": "GSO_AVHRR.mm"        },
        {
          "@type": "PropertyValue", 
          "name": "seconds_variable", 
          "value": "GSO_AVHRR.ss"        },
        {
          "@type": "PropertyValue", 
          "name": "gmt_time", 
          "value": "true"        },
        {
          "@type": "PropertyValue", 
          "name": "year_variable", 
          "value": "GSO_AVHRR.year"        },
        {
          "@type": "PropertyValue", 
          "name": "year_base", 
          "value": "1900"        },
        {
          "@type": "PropertyValue", 
          "name": "year_day_variable", 
          "value": "GSO_AVHRR.day_num"        }
    ]
  },
  {
    "@type": "PropertyValue",
    "name": "GSO_AVHRR",
    "valueReference": [ 
,
    {
      "@type": "PropertyValue",
      "name": "satellite",
      "valueReference": [ 

      ]
    },
    {
      "@type": "PropertyValue",
      "name": "year",
      "valueReference": [ 

      ]
    },
    {
      "@type": "PropertyValue",
      "name": "day_num",
      "valueReference": [ 

      ]
    },
    {
      "@type": "PropertyValue",
      "name": "hh",
      "valueReference": [ 

      ]
    },
    {
      "@type": "PropertyValue",
      "name": "mm",
      "valueReference": [ 

      ]
    },
    {
      "@type": "PropertyValue",
      "name": "ss",
      "valueReference": [ 

      ]
    },
    {
      "@type": "PropertyValue",
      "name": "DODS_URL",
      "valueReference": [ 

      ]
    }
    ]
  }
  ]
}
</script>
   </body>
   <script type="text/javascript">
                CollapsibleLists.apply(true);
                initCollapsibles("/opendap/docs");
            </script>
</xhtml>
