<?xml version="1.0" encoding="UTF-8"?>
<!--
            ~ /////////////////////////////////////////////////////////////////////////////
            ~ // This file is part of the "Hyrax Data Server" project.
            ~ //
            ~ //
            ~ // Copyright (c) 2016 OPeNDAP, Inc.
            ~ // Author: Nathan David Potter <ndp@opendap.org>
            ~ //
            ~ // This library is free software; you can redistribute it and/or
            ~ // modify it under the terms of the GNU Lesser General Public
            ~ // License as published by the Free Software Foundation; either
            ~ // version 2.1 of the License, or (at your option) any later version.
            ~ //
            ~ // This library is distributed in the hope that it will be useful,
            ~ // but WITHOUT ANY WARRANTY; without even the implied warranty of
            ~ // MERCHANTABILITY or FITNESS FOR A PARTICULAR PURPOSE. See the GNU
            ~ // Lesser General Public License for more details.
            ~ //
            ~ // You should have received a copy of the GNU Lesser General Public
            ~ // License along with this library; if not, write to the Free Software
            ~ // Foundation, Inc., 51 Franklin Street, Fifth Floor, Boston, MA 02110-1301
            ~ //
            ~ // You can contact OPeNDAP, Inc. at PO Box 112, Saunderstown, RI. 02874-0112.
            ~ /////////////////////////////////////////////////////////////////////////////
        --><xhtml xmlns:dap="http://xml.opendap.org/ns/DAP/4.0#">
   <head>
      <link rel="stylesheet" href="/opendap/docs/css/contents.css" type="text/css"/>
      <link rel="stylesheet" href="/opendap/docs/css/treeView.css" type="text/css"/>
      <script type="text/javascript" src="/opendap/js/CollapsibleLists.js"> </script>
      <script type="text/javascript" src="/opendap/js/dap4_buttons.js"> </script>
      <script type="text/javascript">
                    DAP4_URL = new dap4_url("http://localhost:8080/opendap/data/ff/1998-6-avhrr.dat");
                </script>
      <title>DAP4 Data Request Form (beta)1998-6-avhrr.dat</title>
   </head>
   <body>
      <table width="100%" border="0">
         <tr>
            <td>
               <img alt="OPeNDAP Logo" src="/opendap/docs/images/logo.png"/>
            </td>
            <td>
               <div class="large">DAP4 Data Access Form</div>
            </td>
         </tr>
      </table>
      <h1>
         <span style="font-size: 12px;  vertical-align: 35%; font-weight: normal;">dataset:</span>
         <span style="font-size: 20px;  vertical-align: 15%; font-weight: normal;">1998-6-avhrr.dat</span>
      </h1>
      <hr size="1" noshade="noshade"/>
      <form action="">
         <input type="checkbox" id="debug_checkbox"/>DEBUG
                    <script type="text/javascript">
                        DEBUG = new debug_obj(debug_checkbox);
                    </script>
         <table width="100%" border="0">
            <tr>
               <td align="right">
                  <div class="medium_bold">
                     <a href="http://www.opendap.org/online_help_files/opendap_form_help.html#disposition"
                        target="help">
                        Actions
                    </a>
                  </div>
               </td>
               <td>
                  <div style="width:100%;margin-left:10px;">
                     <input type="button" value="Get as CSV" onclick="binary_button('dap.csv')"/>
                     <input type="button" value="Get as NetCDF 3" onclick="binary_button('dap.nc')"/>
                     <input type="button" value="Get as NetCDF 4" onclick="binary_button('dap.nc4')"/>
                     <input type="button" value="DAP4 Binary Object" onclick="binary_button('dap')"/>
                     <input type="button" value="DAP2 Binary Object" onclick="binary_button('dods')"/>
                     <input type="button" value="Show Help" onclick="help_button()"/>
                  </div>
               </td>
            </tr>
            <tr>
               <td align="right">
                  <div class="medium_bold">
                     <a href="http://www.opendap.org/online_help_files/opendap_form_help.html#data_url"
                        target="help">
                        Data URL
                    </a>
                  </div>
               </td>
               <td>
                  <input name="url" type="text" style="width:98%;margin-left:10;"
                         value="http://localhost:8080/opendap/data/ff/1998-6-avhrr.dat"/>
               </td>
            </tr>
            <tr>
               <td>
                  <hr size="1" noshade="noshade" width="80%"/>
               </td>
               <td>
                  <hr size="1" noshade="noshade" width="100%"/>
               </td>
            </tr>
            <tr>
               <td align="right" style="vertical-align:text-top">
                  <div class="medium_bold">
                     <a href="http://www.opendap.org/online_help_files/opendap_form_help.html#global_attr"
                        target="help">
                        Global Attributes
                    </a>
                  </div>
               </td>
               <td width="100%">
                  <div style="width:100%;margin-left:10px;">
                     <ul class="collapsibleList">
                        <li>
                           <div class="tightView">
                              <div class="small_bold">FF_GLOBAL</div>
                              <ul>
                                 <li>
                                    <div class="small">
                                       <span class="bold">Server:
                        </span>
                                       <span class="em">DODS FreeFrom based on FFND release 4.2.3</span>
                                    </div>
                                 </li>
                              </ul>
                           </div>
                        </li>
                     </ul>
                     <ul class="collapsibleList">
                        <li>
                           <div class="tightView">
                              <div class="small_bold">DODS_Time</div>
                              <ul>
                                 <li>
                                    <div class="small">
                                       <span class="bold">hours_variable:
                        </span>
                                       <span class="em">GSO_AVHRR.hh</span>
                                    </div>
                                 </li>
                                 <li>
                                    <div class="small">
                                       <span class="bold">minutes_variable:
                        </span>
                                       <span class="em">GSO_AVHRR.mm</span>
                                    </div>
                                 </li>
                                 <li>
                                    <div class="small">
                                       <span class="bold">seconds_variable:
                        </span>
                                       <span class="em">GSO_AVHRR.ss</span>
                                    </div>
                                 </li>
                                 <li>
                                    <div class="small">
                                       <span class="bold">gmt_time:
                        </span>
                                       <span class="em">true</span>
                                    </div>
                                 </li>
                              </ul>
                           </div>
                        </li>
                     </ul>
                     <ul class="collapsibleList">
                        <li>
                           <div class="tightView">
                              <div class="small_bold">DODS_Date</div>
                              <ul>
                                 <li>
                                    <div class="small">
                                       <span class="bold">year_variable:
                        </span>
                                       <span class="em">GSO_AVHRR.year</span>
                                    </div>
                                 </li>
                                 <li>
                                    <div class="small">
                                       <span class="bold">year_base:
                        </span>
                                       <span class="em">1900</span>
                                    </div>
                                 </li>
                                 <li>
                                    <div class="small">
                                       <span class="bold">year_day_variable:
                        </span>
                                       <span class="em">GSO_AVHRR.day_num</span>
                                    </div>
                                 </li>
                              </ul>
                           </div>
                        </li>
                     </ul>
                  </div>
               </td>
            </tr>
            <tr>
               <td>
                  <hr size="1" noshade="noshade" width="80%"/>
               </td>
               <td>
                  <hr size="1" noshade="noshade" width="100%"/>
               </td>
            </tr>
            <tr>
               <td align="right" style="vertical-align:text-top">
                  <div class="medium_bold">
                     <a href="http://www.opendap.org/online_help_files/opendap_form_help.html#shared_dimesions"
                        target="help">Global Dimensions
                    </a>
                  </div>
               </td>
               <td>
                  <div style="margin-left:25px;"/>
               </td>
            </tr>
            <tr>
               <td>
                  <hr size="1" noshade="noshade" width="80%"/>
               </td>
               <td>
                  <hr size="1" noshade="noshade" width="100%"/>
               </td>
            </tr>
            <tr>
               <td align="right" style="vertical-align:text-top">
                  <div class="medium_bold">
                     <a href="http://www.opendap.org/online_help_files/opendap_form_help.html#dataset_variables"
                        target="help">Variables
                    </a>
                  </div>
               </td>
               <td>
                  <div style="margin-left:25px;">
                     <script type="text/javascript">org_opendap_GSO_AVHRR = new dap_var("GSO_AVHRR", "org_opendap_GSO_AVHRR", false,true);

            
                DAP4_URL.add_dap_var(org_opendap_GSO_AVHRR);
            org_opendap_GSO_AVHRR.checkBox = "get_org_opendap_GSO_AVHRR";
            </script>
                     <div style="color: black;margin-left:-20px;margin-top:10px">
                        <input type="checkbox" id="get_org_opendap_GSO_AVHRR"
                               onclick="org_opendap_GSO_AVHRR.handle_projection_change(get_org_opendap_GSO_AVHRR)"
                               onfocus="describe_projection()"/>GSO_AVHRR<span class="small" style="vertical-align: 15%; font-size: 25%;">(Type is Sequence)
            </span>
                     </div>
                     <div class="small_italic" style="color:#B0C6EB;">no attributes</div>
                     <div class="tightView">
                        <ul class="collapsibleList">
                           <li>
                              <div class="small_bold" style="color:#527CC1;">members</div>
                              <ul>
                                 <li>
                                    <script type="text/javascript">org_opendap_GSO_AVHRR_satellite = new dap_var("GSO_AVHRR.satellite", "org_opendap_GSO_AVHRR_satellite", false,false);

            org_opendap_GSO_AVHRR_satellite.checkBox = "get_org_opendap_GSO_AVHRR_satellite";
            org_opendap_GSO_AVHRR.addChildVar(org_opendap_GSO_AVHRR_satellite);
                org_opendap_GSO_AVHRR_satellite.parentContainer = org_opendap_GSO_AVHRR;
            </script>
                                    <div style="color: black;margin-left:-20px;margin-top:10px">
                                       <input type="checkbox" id="get_org_opendap_GSO_AVHRR_satellite"
                                              onclick="org_opendap_GSO_AVHRR_satellite.handle_projection_change(get_org_opendap_GSO_AVHRR_satellite)"
                                              onfocus="describe_projection()"/>satellite<span class="small" style="vertical-align: 15%; font-size: 25%;">(Type is String)
            </span>
                                    </div>
                                    <span class="medium" style="margin-left: 10px;">satellite</span>
                                    <select id="org_opendap_GSO_AVHRR_satellite_relOpWidget_0"
                                            onfocus="describe_selection()"
                                            onchange="DAP4_URL.update_url()">
                                       <option value="=" selected="">=</option>
                                       <option value="!=">!=</option>
                                       <option value="&lt;">&lt;</option>
                                       <option value="&lt;=">&lt;=</option>
                                       <option value="&gt;">&gt;</option>
                                       <option value="&gt;=">&gt;=</option>
                                       <option value="-">--</option>
                                    </select>
                                    <input type="text" id="org_opendap_GSO_AVHRR_satellite_rValueWidget_0" size="6"
                                           onFocus="describe_selection()"
                                           onChange="DAP4_URL.update_url()"/>
                                    <script type="text/javascript">org_opendap_GSO_AVHRR_satellite.addSelectionClause(org_opendap_GSO_AVHRR_satellite_relOpWidget_0,org_opendap_GSO_AVHRR_satellite_rValueWidget_0);
        </script>
                                    <div class="small_italic" style="color:#B0C6EB;">no attributes</div>
                                 </li>
                                 <li>
                                    <script type="text/javascript">org_opendap_GSO_AVHRR_year = new dap_var("GSO_AVHRR.year", "org_opendap_GSO_AVHRR_year", false,false);

            org_opendap_GSO_AVHRR_year.checkBox = "get_org_opendap_GSO_AVHRR_year";
            org_opendap_GSO_AVHRR.addChildVar(org_opendap_GSO_AVHRR_year);
                org_opendap_GSO_AVHRR_year.parentContainer = org_opendap_GSO_AVHRR;
            </script>
                                    <div style="color: black;margin-left:-20px;margin-top:10px">
                                       <input type="checkbox" id="get_org_opendap_GSO_AVHRR_year"
                                              onclick="org_opendap_GSO_AVHRR_year.handle_projection_change(get_org_opendap_GSO_AVHRR_year)"
                                              onfocus="describe_projection()"/>year<span class="small" style="vertical-align: 15%; font-size: 25%;">(Type is Int32)
            </span>
                                    </div>
                                    <span class="medium" style="margin-left: 10px;">year</span>
                                    <select id="org_opendap_GSO_AVHRR_year_relOpWidget_0" onfocus="describe_selection()"
                                            onchange="DAP4_URL.update_url()">
                                       <option value="=" selected="">=</option>
                                       <option value="!=">!=</option>
                                       <option value="&lt;">&lt;</option>
                                       <option value="&lt;=">&lt;=</option>
                                       <option value="&gt;">&gt;</option>
                                       <option value="&gt;=">&gt;=</option>
                                       <option value="-">--</option>
                                    </select>
                                    <input type="text" id="org_opendap_GSO_AVHRR_year_rValueWidget_0" size="6"
                                           onFocus="describe_selection()"
                                           onChange="DAP4_URL.update_url()"/>
                                    <script type="text/javascript">org_opendap_GSO_AVHRR_year.addSelectionClause(org_opendap_GSO_AVHRR_year_relOpWidget_0,org_opendap_GSO_AVHRR_year_rValueWidget_0);
        </script>
                                    <div class="small_italic" style="color:#B0C6EB;">no attributes</div>
                                 </li>
                                 <li>
                                    <script type="text/javascript">org_opendap_GSO_AVHRR_day_num = new dap_var("GSO_AVHRR.day_num", "org_opendap_GSO_AVHRR_day_num", false,false);

            org_opendap_GSO_AVHRR_day_num.checkBox = "get_org_opendap_GSO_AVHRR_day_num";
            org_opendap_GSO_AVHRR.addChildVar(org_opendap_GSO_AVHRR_day_num);
                org_opendap_GSO_AVHRR_day_num.parentContainer = org_opendap_GSO_AVHRR;
            </script>
                                    <div style="color: black;margin-left:-20px;margin-top:10px">
                                       <input type="checkbox" id="get_org_opendap_GSO_AVHRR_day_num"
                                              onclick="org_opendap_GSO_AVHRR_day_num.handle_projection_change(get_org_opendap_GSO_AVHRR_day_num)"
                                              onfocus="describe_projection()"/>day_num<span class="small" style="vertical-align: 15%; font-size: 25%;">(Type is Int32)
            </span>
                                    </div>
                                    <span class="medium" style="margin-left: 10px;">day_num</span>
                                    <select id="org_opendap_GSO_AVHRR_day_num_relOpWidget_0" onfocus="describe_selection()"
                                            onchange="DAP4_URL.update_url()">
                                       <option value="=" selected="">=</option>
                                       <option value="!=">!=</option>
                                       <option value="&lt;">&lt;</option>
                                       <option value="&lt;=">&lt;=</option>
                                       <option value="&gt;">&gt;</option>
                                       <option value="&gt;=">&gt;=</option>
                                       <option value="-">--</option>
                                    </select>
                                    <input type="text" id="org_opendap_GSO_AVHRR_day_num_rValueWidget_0" size="6"
                                           onFocus="describe_selection()"
                                           onChange="DAP4_URL.update_url()"/>
                                    <script type="text/javascript">org_opendap_GSO_AVHRR_day_num.addSelectionClause(org_opendap_GSO_AVHRR_day_num_relOpWidget_0,org_opendap_GSO_AVHRR_day_num_rValueWidget_0);
        </script>
                                    <div class="small_italic" style="color:#B0C6EB;">no attributes</div>
                                 </li>
                                 <li>
                                    <script type="text/javascript">org_opendap_GSO_AVHRR_hh = new dap_var("GSO_AVHRR.hh", "org_opendap_GSO_AVHRR_hh", false,false);

            org_opendap_GSO_AVHRR_hh.checkBox = "get_org_opendap_GSO_AVHRR_hh";
            org_opendap_GSO_AVHRR.addChildVar(org_opendap_GSO_AVHRR_hh);
                org_opendap_GSO_AVHRR_hh.parentContainer = org_opendap_GSO_AVHRR;
            </script>
                                    <div style="color: black;margin-left:-20px;margin-top:10px">
                                       <input type="checkbox" id="get_org_opendap_GSO_AVHRR_hh"
                                              onclick="org_opendap_GSO_AVHRR_hh.handle_projection_change(get_org_opendap_GSO_AVHRR_hh)"
                                              onfocus="describe_projection()"/>hh<span class="small" style="vertical-align: 15%; font-size: 25%;">(Type is Int32)
            </span>
                                    </div>
                                    <span class="medium" style="margin-left: 10px;">hh</span>
                                    <select id="org_opendap_GSO_AVHRR_hh_relOpWidget_0" onfocus="describe_selection()"
                                            onchange="DAP4_URL.update_url()">
                                       <option value="=" selected="">=</option>
                                       <option value="!=">!=</option>
                                       <option value="&lt;">&lt;</option>
                                       <option value="&lt;=">&lt;=</option>
                                       <option value="&gt;">&gt;</option>
                                       <option value="&gt;=">&gt;=</option>
                                       <option value="-">--</option>
                                    </select>
                                    <input type="text" id="org_opendap_GSO_AVHRR_hh_rValueWidget_0" size="6"
                                           onFocus="describe_selection()"
                                           onChange="DAP4_URL.update_url()"/>
                                    <script type="text/javascript">org_opendap_GSO_AVHRR_hh.addSelectionClause(org_opendap_GSO_AVHRR_hh_relOpWidget_0,org_opendap_GSO_AVHRR_hh_rValueWidget_0);
        </script>
                                    <div class="small_italic" style="color:#B0C6EB;">no attributes</div>
                                 </li>
                                 <li>
                                    <script type="text/javascript">org_opendap_GSO_AVHRR_mm = new dap_var("GSO_AVHRR.mm", "org_opendap_GSO_AVHRR_mm", false,false);

            org_opendap_GSO_AVHRR_mm.checkBox = "get_org_opendap_GSO_AVHRR_mm";
            org_opendap_GSO_AVHRR.addChildVar(org_opendap_GSO_AVHRR_mm);
                org_opendap_GSO_AVHRR_mm.parentContainer = org_opendap_GSO_AVHRR;
            </script>
                                    <div style="color: black;margin-left:-20px;margin-top:10px">
                                       <input type="checkbox" id="get_org_opendap_GSO_AVHRR_mm"
                                              onclick="org_opendap_GSO_AVHRR_mm.handle_projection_change(get_org_opendap_GSO_AVHRR_mm)"
                                              onfocus="describe_projection()"/>mm<span class="small" style="vertical-align: 15%; font-size: 25%;">(Type is Int32)
            </span>
                                    </div>
                                    <span class="medium" style="margin-left: 10px;">mm</span>
                                    <select id="org_opendap_GSO_AVHRR_mm_relOpWidget_0" onfocus="describe_selection()"
                                            onchange="DAP4_URL.update_url()">
                                       <option value="=" selected="">=</option>
                                       <option value="!=">!=</option>
                                       <option value="&lt;">&lt;</option>
                                       <option value="&lt;=">&lt;=</option>
                                       <option value="&gt;">&gt;</option>
                                       <option value="&gt;=">&gt;=</option>
                                       <option value="-">--</option>
                                    </select>
                                    <input type="text" id="org_opendap_GSO_AVHRR_mm_rValueWidget_0" size="6"
                                           onFocus="describe_selection()"
                                           onChange="DAP4_URL.update_url()"/>
                                    <script type="text/javascript">org_opendap_GSO_AVHRR_mm.addSelectionClause(org_opendap_GSO_AVHRR_mm_relOpWidget_0,org_opendap_GSO_AVHRR_mm_rValueWidget_0);
        </script>
                                    <div class="small_italic" style="color:#B0C6EB;">no attributes</div>
                                 </li>
                                 <li>
                                    <script type="text/javascript">org_opendap_GSO_AVHRR_ss = new dap_var("GSO_AVHRR.ss", "org_opendap_GSO_AVHRR_ss", false,false);

            org_opendap_GSO_AVHRR_ss.checkBox = "get_org_opendap_GSO_AVHRR_ss";
            org_opendap_GSO_AVHRR.addChildVar(org_opendap_GSO_AVHRR_ss);
                org_opendap_GSO_AVHRR_ss.parentContainer = org_opendap_GSO_AVHRR;
            </script>
                                    <div style="color: black;margin-left:-20px;margin-top:10px">
                                       <input type="checkbox" id="get_org_opendap_GSO_AVHRR_ss"
                                              onclick="org_opendap_GSO_AVHRR_ss.handle_projection_change(get_org_opendap_GSO_AVHRR_ss)"
                                              onfocus="describe_projection()"/>ss<span class="small" style="vertical-align: 15%; font-size: 25%;">(Type is Int32)
            </span>
                                    </div>
                                    <span class="medium" style="margin-left: 10px;">ss</span>
                                    <select id="org_opendap_GSO_AVHRR_ss_relOpWidget_0" onfocus="describe_selection()"
                                            onchange="DAP4_URL.update_url()">
                                       <option value="=" selected="">=</option>
                                       <option value="!=">!=</option>
                                       <option value="&lt;">&lt;</option>
                                       <option value="&lt;=">&lt;=</option>
                                       <option value="&gt;">&gt;</option>
                                       <option value="&gt;=">&gt;=</option>
                                       <option value="-">--</option>
                                    </select>
                                    <input type="text" id="org_opendap_GSO_AVHRR_ss_rValueWidget_0" size="6"
                                           onFocus="describe_selection()"
                                           onChange="DAP4_URL.update_url()"/>
                                    <script type="text/javascript">org_opendap_GSO_AVHRR_ss.addSelectionClause(org_opendap_GSO_AVHRR_ss_relOpWidget_0,org_opendap_GSO_AVHRR_ss_rValueWidget_0);
        </script>
                                    <div class="small_italic" style="color:#B0C6EB;">no attributes</div>
                                 </li>
                                 <li>
                                    <script type="text/javascript">org_opendap_GSO_AVHRR_DODS_URL = new dap_var("GSO_AVHRR.DODS_URL", "org_opendap_GSO_AVHRR_DODS_URL", false,false);

            org_opendap_GSO_AVHRR_DODS_URL.checkBox = "get_org_opendap_GSO_AVHRR_DODS_URL";
            org_opendap_GSO_AVHRR.addChildVar(org_opendap_GSO_AVHRR_DODS_URL);
                org_opendap_GSO_AVHRR_DODS_URL.parentContainer = org_opendap_GSO_AVHRR;
            </script>
                                    <div style="color: black;margin-left:-20px;margin-top:10px">
                                       <input type="checkbox" id="get_org_opendap_GSO_AVHRR_DODS_URL"
                                              onclick="org_opendap_GSO_AVHRR_DODS_URL.handle_projection_change(get_org_opendap_GSO_AVHRR_DODS_URL)"
                                              onfocus="describe_projection()"/>DODS_URL<span class="small" style="vertical-align: 15%; font-size: 25%;">(Type is String)
            </span>
                                    </div>
                                    <span class="medium" style="margin-left: 10px;">DODS_URL</span>
                                    <select id="org_opendap_GSO_AVHRR_DODS_URL_relOpWidget_0"
                                            onfocus="describe_selection()"
                                            onchange="DAP4_URL.update_url()">
                                       <option value="=" selected="">=</option>
                                       <option value="!=">!=</option>
                                       <option value="&lt;">&lt;</option>
                                       <option value="&lt;=">&lt;=</option>
                                       <option value="&gt;">&gt;</option>
                                       <option value="&gt;=">&gt;=</option>
                                       <option value="-">--</option>
                                    </select>
                                    <input type="text" id="org_opendap_GSO_AVHRR_DODS_URL_rValueWidget_0" size="6"
                                           onFocus="describe_selection()"
                                           onChange="DAP4_URL.update_url()"/>
                                    <script type="text/javascript">org_opendap_GSO_AVHRR_DODS_URL.addSelectionClause(org_opendap_GSO_AVHRR_DODS_URL_relOpWidget_0,org_opendap_GSO_AVHRR_DODS_URL_rValueWidget_0);
        </script>
                                    <div class="small_italic" style="color:#B0C6EB;">no attributes</div>
                                 </li>
                              </ul>
                           </li>
                        </ul>
                     </div>
                  </div>
               </td>
            </tr>
         </table>
      </form>
      <hr size="1" noshade="noshade"/>
      <table width="100%" border="0">
         <tr>
            <td/>
            <td>
               <div class="small" align="right">Hyrax development sponsored by
                                <a href="http://www.nsf.gov/">NSF
                                </a>
                                ,
                                <a href="http://www.nasa.gov/">NASA
                                </a>
                                , and
                                <a href="http://www.noaa.gov/">NOAA</a>
               </div>
            </td>
         </tr>
      </table>
      <h3>OPeNDAP Hyrax (Not.A.Release)
                    <br/>
         <a href="/opendap/docs/">Documentation</a>
      </h3>
   </body>
   <script>CollapsibleLists.apply(true);</script>
</xhtml>