<?xml version="1.1" encoding="UTF-8"?>
<!--
~ /////////////////////////////////////////////////////////////////////////////
~ // This file is part of the "Hyrax Data Server" project.
~ //
~ //
~ // Copyright (c) 2018 OPeNDAP, Inc.
~ // Author: Nathan David Potter <ndp@opendap.org>
~ //
~ // This library is free software; you can redistribute it and/or
~ // modify it under the terms of the GNU Lesser General Public
~ // License as published by the Free Software Foundation; either
~ // version 2.1 of the License, or (at your option) any later version.
~ //
~ // This library is distributed in the hope that it will be useful,
~ // but WITHOUT ANY WARRANTY; without even the implied warranty of
~ // MERCHANTABILITY or FITNESS FOR A PARTICULAR PURPOSE. See the GNU
~ // Lesser General Public License for more details.
~ //
~ // You should have received a copy of the GNU Lesser General Public
~ // License along with this library; if not, write to the Free Software
~ // Foundation, Inc., 51 Franklin Street, Fifth Floor, Boston, MA 02110-1301
~ //
~ // You can contact OPeNDAP, Inc. at PO Box 112, Saunderstown, RI. 02874-0112.
~ /////////////////////////////////////////////////////////////////////////////
        --><xhtml xmlns:dap="http://xml.opendap.org/ns/DAP/3.2#">
   <head>
      <link rel="stylesheet" href="/opendap/docs/css/collapse.css" type="text/css"/>
      <link rel="stylesheet" href="/opendap/docs/css/contents.css" type="text/css"/>
      <link rel="stylesheet" href="/opendap/docs/css/treeView.css" type="text/css"/>
      <script type="text/javascript">
                    DOCS_SERVICE="/opendap/docs";
                </script>
      <script type="text/javascript" src="/opendap/js/CollapsibleLists.js"> </script>
      <script type="text/javascript" src="/opendap/js/dap2_buttons.js"> </script>
      <script type="text/javascript">
                    DAP2_URL = new dap2_url("http://localhost:8080/opendap/data/ff/avhrr.dat");
                    DEBUG = new debug_obj();
                </script>
      <title>OPeNDAP Data Access Form for  avhrr.dat</title>
   </head>
   <body>
      <table width="100%" border="0">
         <tr>
            <td>
               <img alt="OPeNDAP Logo" src="/opendap/docs/images/logo.png"/>
            </td>
            <td>
               <div class="small_italic" style="padding-bottom: 5px;">Welcome to the new (<em>beta</em>) </div>
               <div class="large" style="padding-bottom: 5px;">OPeNDAP Data Access Form</div>
               <div class="small_italic" style="padding-bottom: 5px;">
                  <a href="http://localhost:8080/opendap/data/ff/avhrr.dat.html_old">The old form can be found here...</a>
               </div>
            </td>
         </tr>
      </table>
      <h1>
         <span style="font-size: 12px;  vertical-align: 35%; font-weight: normal;">dataset:</span>
         <span style="font-size: 20px;  vertical-align: 15%; font-weight: normal;">avhrr.dat</span>
      </h1>
      <hr size="1" noshade="noshade"/>
      <form action="">
         <table width="100%" border="0">
            <tr>
               <td align="right">
                  <div class="medium_bold">
                     <a href="http://www.opendap.org/online_help_files/opendap_form_help.html#disposition"
                        target="help">
                        Actions
                    </a>
                  </div>
               </td>
               <td>
                  <div style="width:100%;margin-left:10px;">
                     <input type="button" value="Get as ASCII" onclick="ascii_button()"/>
                     <input type="button" value="Get as CoverageJSON" onclick="covjson_button()"/>
                     <input type="button" value="Get as NetCDF 3" onclick="binary_button('nc')"/>
                     <input type="button" value="Get as NetCDF 4" onclick="binary_button('nc4')"/>
                     <input type="button" value="Binary (DAP) Object" onclick="binary_button('dods')"/>
                     <input type="button" value="Show Help" onclick="help_button()"/>
                  </div>
               </td>
            </tr>
            <tr>
               <td align="right">
                  <div class="medium_bold">
                     <a href="http://www.opendap.org/online_help_files/opendap_form_help.html#data_url"
                        target="help">
                        Data URL
                    </a>
                  </div>
               </td>
               <td>
                  <input name="url" type="text" style="width:98%;margin-left:10;"
                         value="http://localhost:8080/opendap/data/ff/avhrr.dat"/>
               </td>
            </tr>
            <tr>
               <td>
                  <hr size="1" noshade="noshade" width="95%"/>
               </td>
               <td>
                  <hr size="1" noshade="noshade" width="100%"/>
               </td>
            </tr>
            <tr>
               <td align="right" style="vertical-align:text-top">
                  <div class="medium_bold">
                     <a href="http://www.opendap.org/online_help_files/opendap_form_help.html#global_attr"
                        target="help">
                        Global Attributes
                    </a>
                  </div>
               </td>
               <td width="100%">
                  <div style="width:100%;margin-left:10px;">
                     <ul class="collapsibleList">
                        <li>
                           <div class="tightView">
                              <div class="small_bold">FF_GLOBAL</div>
                              <ul>
                                 <li>
                                    <div class="small">
                                       <span class="bold">Server:
                        </span>
                                       <span class="em">DODS FreeFrom based on FFND release 4.2.3</span>
                                    </div>
                                 </li>
                              </ul>
                           </div>
                        </li>
                     </ul>
                     <ul class="collapsibleList">
                        <li>
                           <div class="tightView">
                              <div class="small_bold">DODS_Global</div>
                              <ul>
                                 <li>
                                    <div class="small">
                                       <span class="bold">DODS_FileType:
                        </span>
                                       <span class="em">FileServer</span>
                                    </div>
                                 </li>
                                 <li>
                                    <div class="small">
                                       <span class="bold">DODS_Interfaces:
                        </span>
                                       <span class="em">datetimedate_time</span>
                                    </div>
                                 </li>
                                 <li>
                                    <div class="small">
                                       <span class="bold">DODS_Title:
                        </span>
                                       <span class="em">Univ. R.I. 5.5KM AVHRR Browse Archive</span>
                                    </div>
                                 </li>
                                 <li>
                                    <div class="small">
                                       <span class="bold">DODS_LatRange:
                        </span>
                                       <span class="em">60.57509.4250</span>
                                    </div>
                                 </li>
                                 <li>
                                    <div class="small">
                                       <span class="bold">DODS_LonRange:
                        </span>
                                       <span class="em">-96.2220-33.7780</span>
                                    </div>
                                 </li>
                                 <li>
                                    <div class="small">
                                       <span class="bold">Sel_Vars:
                        </span>
                                       <span class="em">Sea_Temp</span>
                                    </div>
                                 </li>
                                 <li>
                                    <div class="small">
                                       <span class="bold">Dod_Vars:
                        </span>
                                       <span class="em">dsp_band_1</span>
                                    </div>
                                 </li>
                                 <li>
                                    <div class="small">
                                       <span class="bold">DODS_StartDate:
                        </span>
                                       <span class="em">1979/4/11</span>
                                    </div>
                                 </li>
                                 <li>
                                    <div class="small">
                                       <span class="bold">DODS_EndDate:
                        </span>
                                       <span class="em">2002/12/31</span>
                                    </div>
                                 </li>
                              </ul>
                           </div>
                        </li>
                     </ul>
                     <ul class="collapsibleList">
                        <li>
                           <div class="tightView">
                              <div class="small_bold">DODS_Date</div>
                              <ul>
                                 <li>
                                    <div class="small">
                                       <span class="bold">year_variable:
                        </span>
                                       <span class="em">URI_Avhrr.year</span>
                                    </div>
                                 </li>
                                 <li>
                                    <div class="small">
                                       <span class="bold">month_variable:
                        </span>
                                       <span class="em">URI_Avhrr.month</span>
                                    </div>
                                 </li>
                                 <li>
                                    <div class="small">
                                       <span class="bold">day_variable:
                        </span>
                                       <span class="em">URI_Avhrr.day</span>
                                    </div>
                                 </li>
                              </ul>
                           </div>
                        </li>
                     </ul>
                     <ul class="collapsibleList">
                        <li>
                           <div class="tightView">
                              <div class="small_bold">DODS_Time</div>
                              <ul>
                                 <li>
                                    <div class="small">
                                       <span class="bold">hours_variable:
                        </span>
                                       <span class="em">URI_Avhrr.hours</span>
                                    </div>
                                 </li>
                                 <li>
                                    <div class="small">
                                       <span class="bold">minutes_variable:
                        </span>
                                       <span class="em">URI_Avhrr.minutes</span>
                                    </div>
                                 </li>
                                 <li>
                                    <div class="small">
                                       <span class="bold">seconds_variable:
                        </span>
                                       <span class="em">URI_Avhrr.seconds</span>
                                    </div>
                                 </li>
                                 <li>
                                    <div class="small">
                                       <span class="bold">gmt_time:
                        </span>
                                       <span class="em">true</span>
                                    </div>
                                 </li>
                              </ul>
                           </div>
                        </li>
                     </ul>
                     <ul class="collapsibleList">
                        <li>
                           <div class="tightView">
                              <div class="small_bold">DODS_Date_Time</div>
                              <ul>
                                 <li>
                                    <div class="small">
                                       <span class="bold">year_variable:
                        </span>
                                       <span class="em">URI.Avhrr.year</span>
                                    </div>
                                 </li>
                                 <li>
                                    <div class="small">
                                       <span class="bold">month_variable:
                        </span>
                                       <span class="em">URI_Avhrr.month</span>
                                    </div>
                                 </li>
                                 <li>
                                    <div class="small">
                                       <span class="bold">day_variable:
                        </span>
                                       <span class="em">URI_Avhrr.day</span>
                                    </div>
                                 </li>
                                 <li>
                                    <div class="small">
                                       <span class="bold">hours_variable:
                        </span>
                                       <span class="em">URI_Avhrr.hours</span>
                                    </div>
                                 </li>
                                 <li>
                                    <div class="small">
                                       <span class="bold">minutes_variable:
                        </span>
                                       <span class="em">URI_Avhrr.minutes</span>
                                    </div>
                                 </li>
                                 <li>
                                    <div class="small">
                                       <span class="bold">seconds_variable:
                        </span>
                                       <span class="em">URI_Avhrr.seconds</span>
                                    </div>
                                 </li>
                                 <li>
                                    <div class="small">
                                       <span class="bold">gmt_time:
                        </span>
                                       <span class="em">true</span>
                                    </div>
                                 </li>
                              </ul>
                           </div>
                        </li>
                     </ul>
                  </div>
               </td>
            </tr>
            <tr>
               <td>
                  <hr size="1" noshade="noshade" width="95%"/>
               </td>
               <td>
                  <hr size="1" noshade="noshade" width="100%"/>
               </td>
            </tr>
            <tr>
               <td align="right" style="vertical-align:text-top">
                  <div class="medium_bold">
                     <a href="http://www.opendap.org/online_help_files/opendap_form_help.html#dataset_variables"
                        target="help">Variables
                    </a>
                  </div>
               </td>
               <td>
                  <div style="margin-left:25px;">
                     <script type="text/javascript">
            if(DEBUG.enabled()) alert(
                "myFQN:         URI_Avhrr\n" +
                "myJSVarName:   org_opendap_URI_Avhrr\n" +
                "checkBoxName:  get_org_opendap_URI_Avhrr\n" +
                "isContainer:   true\n" +
                "isArray:       false\n" +
                "myType:        Sequence\n" +
                "parentContainer:        \n"
            );


            org_opendap_URI_Avhrr = new dap_var("URI_Avhrr", "org_opendap_URI_Avhrr", false,true);

            
                DAP2_URL.add_dap_var(org_opendap_URI_Avhrr);
            org_opendap_URI_Avhrr.checkBox = "get_org_opendap_URI_Avhrr";
            </script>
                     <div style="color: black;margin-left:-20px;margin-top:10px">
                        <input type="checkbox" id="get_org_opendap_URI_Avhrr"
                               onclick="org_opendap_URI_Avhrr.handle_projection_change(get_org_opendap_URI_Avhrr)"
                               onfocus="describe_projection()"/>URI_Avhrr<span class="small" style="vertical-align: 15%; font-size: 25%;">(Type is Sequence)
            </span>
                     </div>
                     <div class="small_italic" style="color:#B0C6EB;">no attributes</div>
                     <div class="tightView">
                        <button type="button" class="collapsible" onclick="doNothing()">
                           <img style="padding-right: 3px;" alt="click-to-open"
                                src="/opendap/docs/images/button-closed.png"/>member variables
            </button>
                        <div class="content"
                             style="border-color: #90BBFF;border-style: none;border-width: 1px;">
                           <ul>
                              <li>
                                 <script type="text/javascript">
            if(DEBUG.enabled()) alert(
                "myFQN:         URI_Avhrr.year\n" +
                "myJSVarName:   org_opendap_URI_Avhrr_year\n" +
                "checkBoxName:  get_org_opendap_URI_Avhrr_year\n" +
                "isContainer:   false\n" +
                "isArray:       false\n" +
                "myType:        Int32\n" +
                "parentContainer:        org_opendap_URI_Avhrr\n"
            );


            org_opendap_URI_Avhrr_year = new dap_var("URI_Avhrr.year", "org_opendap_URI_Avhrr_year", false,false);

            org_opendap_URI_Avhrr_year.checkBox = "get_org_opendap_URI_Avhrr_year";
            org_opendap_URI_Avhrr.addChildVar(org_opendap_URI_Avhrr_year);
                org_opendap_URI_Avhrr_year.parentContainer = org_opendap_URI_Avhrr;
            </script>
                                 <div style="color: black;margin-left:-20px;margin-top:10px">
                                    <input type="checkbox" id="get_org_opendap_URI_Avhrr_year"
                                           onclick="org_opendap_URI_Avhrr_year.handle_projection_change(get_org_opendap_URI_Avhrr_year)"
                                           onfocus="describe_projection()"/>year<span class="small" style="vertical-align: 15%; font-size: 25%;">(Type is Int32)
            </span>
                                 </div>
                                 <div class="medium" style="margin-left: 10px;padding: 1px;">year<select id="org_opendap_URI_Avhrr_year_relOpWidget_0" onfocus="describe_selection()"
                                            onchange="DAP2_URL.update_url()">
                                       <option value="=" selected="">=</option>
                                       <option value="!=">!=</option>
                                       <option value="&lt;">&lt;</option>
                                       <option value="&lt;=">&lt;=</option>
                                       <option value="&gt;">&gt;</option>
                                       <option value="&gt;=">&gt;=</option>
                                       <option value="-">--</option>
                                    </select>
                                    <input type="text" id="org_opendap_URI_Avhrr_year_rValueWidget_0" size="6"
                                           onFocus="describe_selection()"
                                           onChange="DAP2_URL.update_url()"/>
                                    <img style="width: 30px;" src="/opendap/docs/images/filter-inactive.png"
                                         id="org_opendap_URI_Avhrr_year_selection"/>
                                 </div>
                                 <script type="text/javascript">org_opendap_URI_Avhrr_year.addSelectionClause("org_opendap_URI_Avhrr_year_selection", org_opendap_URI_Avhrr_year_relOpWidget_0,org_opendap_URI_Avhrr_year_rValueWidget_0);
        </script>
                                 <div class="small_italic" style="color:#B0C6EB;">no attributes</div>
                              </li>
                              <li>
                                 <script type="text/javascript">
            if(DEBUG.enabled()) alert(
                "myFQN:         URI_Avhrr.month\n" +
                "myJSVarName:   org_opendap_URI_Avhrr_month\n" +
                "checkBoxName:  get_org_opendap_URI_Avhrr_month\n" +
                "isContainer:   false\n" +
                "isArray:       false\n" +
                "myType:        Int32\n" +
                "parentContainer:        org_opendap_URI_Avhrr\n"
            );


            org_opendap_URI_Avhrr_month = new dap_var("URI_Avhrr.month", "org_opendap_URI_Avhrr_month", false,false);

            org_opendap_URI_Avhrr_month.checkBox = "get_org_opendap_URI_Avhrr_month";
            org_opendap_URI_Avhrr.addChildVar(org_opendap_URI_Avhrr_month);
                org_opendap_URI_Avhrr_month.parentContainer = org_opendap_URI_Avhrr;
            </script>
                                 <div style="color: black;margin-left:-20px;margin-top:10px">
                                    <input type="checkbox" id="get_org_opendap_URI_Avhrr_month"
                                           onclick="org_opendap_URI_Avhrr_month.handle_projection_change(get_org_opendap_URI_Avhrr_month)"
                                           onfocus="describe_projection()"/>month<span class="small" style="vertical-align: 15%; font-size: 25%;">(Type is Int32)
            </span>
                                 </div>
                                 <div class="medium" style="margin-left: 10px;padding: 1px;">month<select id="org_opendap_URI_Avhrr_month_relOpWidget_0" onfocus="describe_selection()"
                                            onchange="DAP2_URL.update_url()">
                                       <option value="=" selected="">=</option>
                                       <option value="!=">!=</option>
                                       <option value="&lt;">&lt;</option>
                                       <option value="&lt;=">&lt;=</option>
                                       <option value="&gt;">&gt;</option>
                                       <option value="&gt;=">&gt;=</option>
                                       <option value="-">--</option>
                                    </select>
                                    <input type="text" id="org_opendap_URI_Avhrr_month_rValueWidget_0" size="6"
                                           onFocus="describe_selection()"
                                           onChange="DAP2_URL.update_url()"/>
                                    <img style="width: 30px;" src="/opendap/docs/images/filter-inactive.png"
                                         id="org_opendap_URI_Avhrr_month_selection"/>
                                 </div>
                                 <script type="text/javascript">org_opendap_URI_Avhrr_month.addSelectionClause("org_opendap_URI_Avhrr_month_selection", org_opendap_URI_Avhrr_month_relOpWidget_0,org_opendap_URI_Avhrr_month_rValueWidget_0);
        </script>
                                 <div class="small_italic" style="color:#B0C6EB;">no attributes</div>
                              </li>
                              <li>
                                 <script type="text/javascript">
            if(DEBUG.enabled()) alert(
                "myFQN:         URI_Avhrr.day\n" +
                "myJSVarName:   org_opendap_URI_Avhrr_day\n" +
                "checkBoxName:  get_org_opendap_URI_Avhrr_day\n" +
                "isContainer:   false\n" +
                "isArray:       false\n" +
                "myType:        Int32\n" +
                "parentContainer:        org_opendap_URI_Avhrr\n"
            );


            org_opendap_URI_Avhrr_day = new dap_var("URI_Avhrr.day", "org_opendap_URI_Avhrr_day", false,false);

            org_opendap_URI_Avhrr_day.checkBox = "get_org_opendap_URI_Avhrr_day";
            org_opendap_URI_Avhrr.addChildVar(org_opendap_URI_Avhrr_day);
                org_opendap_URI_Avhrr_day.parentContainer = org_opendap_URI_Avhrr;
            </script>
                                 <div style="color: black;margin-left:-20px;margin-top:10px">
                                    <input type="checkbox" id="get_org_opendap_URI_Avhrr_day"
                                           onclick="org_opendap_URI_Avhrr_day.handle_projection_change(get_org_opendap_URI_Avhrr_day)"
                                           onfocus="describe_projection()"/>day<span class="small" style="vertical-align: 15%; font-size: 25%;">(Type is Int32)
            </span>
                                 </div>
                                 <div class="medium" style="margin-left: 10px;padding: 1px;">day<select id="org_opendap_URI_Avhrr_day_relOpWidget_0" onfocus="describe_selection()"
                                            onchange="DAP2_URL.update_url()">
                                       <option value="=" selected="">=</option>
                                       <option value="!=">!=</option>
                                       <option value="&lt;">&lt;</option>
                                       <option value="&lt;=">&lt;=</option>
                                       <option value="&gt;">&gt;</option>
                                       <option value="&gt;=">&gt;=</option>
                                       <option value="-">--</option>
                                    </select>
                                    <input type="text" id="org_opendap_URI_Avhrr_day_rValueWidget_0" size="6"
                                           onFocus="describe_selection()"
                                           onChange="DAP2_URL.update_url()"/>
                                    <img style="width: 30px;" src="/opendap/docs/images/filter-inactive.png"
                                         id="org_opendap_URI_Avhrr_day_selection"/>
                                 </div>
                                 <script type="text/javascript">org_opendap_URI_Avhrr_day.addSelectionClause("org_opendap_URI_Avhrr_day_selection", org_opendap_URI_Avhrr_day_relOpWidget_0,org_opendap_URI_Avhrr_day_rValueWidget_0);
        </script>
                                 <div class="small_italic" style="color:#B0C6EB;">no attributes</div>
                              </li>
                              <li>
                                 <script type="text/javascript">
            if(DEBUG.enabled()) alert(
                "myFQN:         URI_Avhrr.hours\n" +
                "myJSVarName:   org_opendap_URI_Avhrr_hours\n" +
                "checkBoxName:  get_org_opendap_URI_Avhrr_hours\n" +
                "isContainer:   false\n" +
                "isArray:       false\n" +
                "myType:        Int32\n" +
                "parentContainer:        org_opendap_URI_Avhrr\n"
            );


            org_opendap_URI_Avhrr_hours = new dap_var("URI_Avhrr.hours", "org_opendap_URI_Avhrr_hours", false,false);

            org_opendap_URI_Avhrr_hours.checkBox = "get_org_opendap_URI_Avhrr_hours";
            org_opendap_URI_Avhrr.addChildVar(org_opendap_URI_Avhrr_hours);
                org_opendap_URI_Avhrr_hours.parentContainer = org_opendap_URI_Avhrr;
            </script>
                                 <div style="color: black;margin-left:-20px;margin-top:10px">
                                    <input type="checkbox" id="get_org_opendap_URI_Avhrr_hours"
                                           onclick="org_opendap_URI_Avhrr_hours.handle_projection_change(get_org_opendap_URI_Avhrr_hours)"
                                           onfocus="describe_projection()"/>hours<span class="small" style="vertical-align: 15%; font-size: 25%;">(Type is Int32)
            </span>
                                 </div>
                                 <div class="medium" style="margin-left: 10px;padding: 1px;">hours<select id="org_opendap_URI_Avhrr_hours_relOpWidget_0" onfocus="describe_selection()"
                                            onchange="DAP2_URL.update_url()">
                                       <option value="=" selected="">=</option>
                                       <option value="!=">!=</option>
                                       <option value="&lt;">&lt;</option>
                                       <option value="&lt;=">&lt;=</option>
                                       <option value="&gt;">&gt;</option>
                                       <option value="&gt;=">&gt;=</option>
                                       <option value="-">--</option>
                                    </select>
                                    <input type="text" id="org_opendap_URI_Avhrr_hours_rValueWidget_0" size="6"
                                           onFocus="describe_selection()"
                                           onChange="DAP2_URL.update_url()"/>
                                    <img style="width: 30px;" src="/opendap/docs/images/filter-inactive.png"
                                         id="org_opendap_URI_Avhrr_hours_selection"/>
                                 </div>
                                 <script type="text/javascript">org_opendap_URI_Avhrr_hours.addSelectionClause("org_opendap_URI_Avhrr_hours_selection", org_opendap_URI_Avhrr_hours_relOpWidget_0,org_opendap_URI_Avhrr_hours_rValueWidget_0);
        </script>
                                 <div class="small_italic" style="color:#B0C6EB;">no attributes</div>
                              </li>
                              <li>
                                 <script type="text/javascript">
            if(DEBUG.enabled()) alert(
                "myFQN:         URI_Avhrr.minutes\n" +
                "myJSVarName:   org_opendap_URI_Avhrr_minutes\n" +
                "checkBoxName:  get_org_opendap_URI_Avhrr_minutes\n" +
                "isContainer:   false\n" +
                "isArray:       false\n" +
                "myType:        Int32\n" +
                "parentContainer:        org_opendap_URI_Avhrr\n"
            );


            org_opendap_URI_Avhrr_minutes = new dap_var("URI_Avhrr.minutes", "org_opendap_URI_Avhrr_minutes", false,false);

            org_opendap_URI_Avhrr_minutes.checkBox = "get_org_opendap_URI_Avhrr_minutes";
            org_opendap_URI_Avhrr.addChildVar(org_opendap_URI_Avhrr_minutes);
                org_opendap_URI_Avhrr_minutes.parentContainer = org_opendap_URI_Avhrr;
            </script>
                                 <div style="color: black;margin-left:-20px;margin-top:10px">
                                    <input type="checkbox" id="get_org_opendap_URI_Avhrr_minutes"
                                           onclick="org_opendap_URI_Avhrr_minutes.handle_projection_change(get_org_opendap_URI_Avhrr_minutes)"
                                           onfocus="describe_projection()"/>minutes<span class="small" style="vertical-align: 15%; font-size: 25%;">(Type is Int32)
            </span>
                                 </div>
                                 <div class="medium" style="margin-left: 10px;padding: 1px;">minutes<select id="org_opendap_URI_Avhrr_minutes_relOpWidget_0" onfocus="describe_selection()"
                                            onchange="DAP2_URL.update_url()">
                                       <option value="=" selected="">=</option>
                                       <option value="!=">!=</option>
                                       <option value="&lt;">&lt;</option>
                                       <option value="&lt;=">&lt;=</option>
                                       <option value="&gt;">&gt;</option>
                                       <option value="&gt;=">&gt;=</option>
                                       <option value="-">--</option>
                                    </select>
                                    <input type="text" id="org_opendap_URI_Avhrr_minutes_rValueWidget_0" size="6"
                                           onFocus="describe_selection()"
                                           onChange="DAP2_URL.update_url()"/>
                                    <img style="width: 30px;" src="/opendap/docs/images/filter-inactive.png"
                                         id="org_opendap_URI_Avhrr_minutes_selection"/>
                                 </div>
                                 <script type="text/javascript">org_opendap_URI_Avhrr_minutes.addSelectionClause("org_opendap_URI_Avhrr_minutes_selection", org_opendap_URI_Avhrr_minutes_relOpWidget_0,org_opendap_URI_Avhrr_minutes_rValueWidget_0);
        </script>
                                 <div class="small_italic" style="color:#B0C6EB;">no attributes</div>
                              </li>
                              <li>
                                 <script type="text/javascript">
            if(DEBUG.enabled()) alert(
                "myFQN:         URI_Avhrr.seconds\n" +
                "myJSVarName:   org_opendap_URI_Avhrr_seconds\n" +
                "checkBoxName:  get_org_opendap_URI_Avhrr_seconds\n" +
                "isContainer:   false\n" +
                "isArray:       false\n" +
                "myType:        Int32\n" +
                "parentContainer:        org_opendap_URI_Avhrr\n"
            );


            org_opendap_URI_Avhrr_seconds = new dap_var("URI_Avhrr.seconds", "org_opendap_URI_Avhrr_seconds", false,false);

            org_opendap_URI_Avhrr_seconds.checkBox = "get_org_opendap_URI_Avhrr_seconds";
            org_opendap_URI_Avhrr.addChildVar(org_opendap_URI_Avhrr_seconds);
                org_opendap_URI_Avhrr_seconds.parentContainer = org_opendap_URI_Avhrr;
            </script>
                                 <div style="color: black;margin-left:-20px;margin-top:10px">
                                    <input type="checkbox" id="get_org_opendap_URI_Avhrr_seconds"
                                           onclick="org_opendap_URI_Avhrr_seconds.handle_projection_change(get_org_opendap_URI_Avhrr_seconds)"
                                           onfocus="describe_projection()"/>seconds<span class="small" style="vertical-align: 15%; font-size: 25%;">(Type is Int32)
            </span>
                                 </div>
                                 <div class="medium" style="margin-left: 10px;padding: 1px;">seconds<select id="org_opendap_URI_Avhrr_seconds_relOpWidget_0" onfocus="describe_selection()"
                                            onchange="DAP2_URL.update_url()">
                                       <option value="=" selected="">=</option>
                                       <option value="!=">!=</option>
                                       <option value="&lt;">&lt;</option>
                                       <option value="&lt;=">&lt;=</option>
                                       <option value="&gt;">&gt;</option>
                                       <option value="&gt;=">&gt;=</option>
                                       <option value="-">--</option>
                                    </select>
                                    <input type="text" id="org_opendap_URI_Avhrr_seconds_rValueWidget_0" size="6"
                                           onFocus="describe_selection()"
                                           onChange="DAP2_URL.update_url()"/>
                                    <img style="width: 30px;" src="/opendap/docs/images/filter-inactive.png"
                                         id="org_opendap_URI_Avhrr_seconds_selection"/>
                                 </div>
                                 <script type="text/javascript">org_opendap_URI_Avhrr_seconds.addSelectionClause("org_opendap_URI_Avhrr_seconds_selection", org_opendap_URI_Avhrr_seconds_relOpWidget_0,org_opendap_URI_Avhrr_seconds_rValueWidget_0);
        </script>
                                 <div class="small_italic" style="color:#B0C6EB;">no attributes</div>
                              </li>
                              <li>
                                 <script type="text/javascript">
            if(DEBUG.enabled()) alert(
                "myFQN:         URI_Avhrr.DODS_URL\n" +
                "myJSVarName:   org_opendap_URI_Avhrr_DODS_URL\n" +
                "checkBoxName:  get_org_opendap_URI_Avhrr_DODS_URL\n" +
                "isContainer:   false\n" +
                "isArray:       false\n" +
                "myType:        String\n" +
                "parentContainer:        org_opendap_URI_Avhrr\n"
            );


            org_opendap_URI_Avhrr_DODS_URL = new dap_var("URI_Avhrr.DODS_URL", "org_opendap_URI_Avhrr_DODS_URL", false,false);

            org_opendap_URI_Avhrr_DODS_URL.checkBox = "get_org_opendap_URI_Avhrr_DODS_URL";
            org_opendap_URI_Avhrr.addChildVar(org_opendap_URI_Avhrr_DODS_URL);
                org_opendap_URI_Avhrr_DODS_URL.parentContainer = org_opendap_URI_Avhrr;
            </script>
                                 <div style="color: black;margin-left:-20px;margin-top:10px">
                                    <input type="checkbox" id="get_org_opendap_URI_Avhrr_DODS_URL"
                                           onclick="org_opendap_URI_Avhrr_DODS_URL.handle_projection_change(get_org_opendap_URI_Avhrr_DODS_URL)"
                                           onfocus="describe_projection()"/>DODS_URL<span class="small" style="vertical-align: 15%; font-size: 25%;">(Type is String)
            </span>
                                 </div>
                                 <div class="medium" style="margin-left: 10px;padding: 1px;">DODS_URL<select id="org_opendap_URI_Avhrr_DODS_URL_relOpWidget_0"
                                            onfocus="describe_selection()"
                                            onchange="DAP2_URL.update_url()">
                                       <option value="=" selected="">=</option>
                                       <option value="!=">!=</option>
                                       <option value="&lt;">&lt;</option>
                                       <option value="&lt;=">&lt;=</option>
                                       <option value="&gt;">&gt;</option>
                                       <option value="&gt;=">&gt;=</option>
                                       <option value="-">--</option>
                                    </select>
                                    <input type="text" id="org_opendap_URI_Avhrr_DODS_URL_rValueWidget_0" size="6"
                                           onFocus="describe_selection()"
                                           onChange="DAP2_URL.update_url()"/>
                                    <img style="width: 30px;" src="/opendap/docs/images/filter-inactive.png"
                                         id="org_opendap_URI_Avhrr_DODS_URL_selection"/>
                                 </div>
                                 <script type="text/javascript">org_opendap_URI_Avhrr_DODS_URL.addSelectionClause("org_opendap_URI_Avhrr_DODS_URL_selection", org_opendap_URI_Avhrr_DODS_URL_relOpWidget_0,org_opendap_URI_Avhrr_DODS_URL_rValueWidget_0);
        </script>
                                 <div class="small_italic" style="color:#B0C6EB;">no attributes</div>
                              </li>
                           </ul>
                        </div>
                     </div>
                  </div>
               </td>
            </tr>
         </table>
         <hr size="1" noshade="noshade"/>
         <table width="100%" border="0">
            <tr>
               <td class="small">
                  <input type="checkbox" id="debug_checkbox"/>debug
                                <script type="text/javascript">
                                    DEBUG.setCheckBox(debug_checkbox);
                                </script>
               </td>
               <td>
                  <div class="small" align="right">Hyrax development sponsored by
                                    <a href="http://www.nsf.gov/">NSF</a>,
                                    <a href="http://www.nasa.gov/">NASA</a>, and
                                    <a href="http://www.noaa.gov/">NOAA</a>
                  </div>
               </td>
            </tr>
         </table>
      </form>
      <h3>OPeNDAP Hyrax (Not.A.Release) <br/>
         <a href="/opendap/docs/">Documentation</a>
      </h3>
      <script type="application/ld+json">
{
  "@context": {
    "@vocab": "http://schema.org"
  },
  "@type": "Dataset",
  "name": "avhrr.dat",
  "url": "http://localhost:8080/opendap/data/ff/avhrr.dat",
  "includedInDataCatalog": { 
    "@type": "DataCatalog", 
    "name": "Hyrax Data Server", 
    "sameAs": "http://localhost:8080/opendap/hyrax/data/ff/contents.html"
  },
  "variableMeasured": [
  {
    "@type": "PropertyValue",
    "name": "http://localhost:8080/opendap/data/ff/avhrr.dat",
    "valueReference": [ 
        {
          "@type": "PropertyValue", 
          "name": "Server", 
          "value": "DODS FreeFrom based on FFND release 4.2.3"        },
        {
          "@type": "PropertyValue", 
          "name": "DODS_FileType", 
          "value": "FileServer"        },
        {
          "@type": "PropertyValue", 
          "name": "DODS_Interfaces", 
          "value": [ "date", "time", "date_time" ]        },
        {
          "@type": "PropertyValue", 
          "name": "DODS_Title", 
          "value": "Univ. R.I. 5.5KM AVHRR Browse Archive"        },
        {
          "@type": "PropertyValue", 
          "name": "DODS_LatRange", 
          "value": [ "60.5750", "9.4250" ]        },
        {
          "@type": "PropertyValue", 
          "name": "DODS_LonRange", 
          "value": [ "\-96.2220", "\-33.7780" ]        },
        {
          "@type": "PropertyValue", 
          "name": "Sel_Vars", 
          "value": "Sea_Temp"        },
        {
          "@type": "PropertyValue", 
          "name": "Dod_Vars", 
          "value": "dsp_band_1"        },
        {
          "@type": "PropertyValue", 
          "name": "DODS_StartDate", 
          "value": "1979\/4\/11"        },
        {
          "@type": "PropertyValue", 
          "name": "DODS_EndDate", 
          "value": "2002\/12\/31"        },
        {
          "@type": "PropertyValue", 
          "name": "year_variable", 
          "value": "URI_Avhrr.year"        },
        {
          "@type": "PropertyValue", 
          "name": "month_variable", 
          "value": "URI_Avhrr.month"        },
        {
          "@type": "PropertyValue", 
          "name": "day_variable", 
          "value": "URI_Avhrr.day"        },
        {
          "@type": "PropertyValue", 
          "name": "hours_variable", 
          "value": "URI_Avhrr.hours"        },
        {
          "@type": "PropertyValue", 
          "name": "minutes_variable", 
          "value": "URI_Avhrr.minutes"        },
        {
          "@type": "PropertyValue", 
          "name": "seconds_variable", 
          "value": "URI_Avhrr.seconds"        },
        {
          "@type": "PropertyValue", 
          "name": "gmt_time", 
          "value": "true"        },
        {
          "@type": "PropertyValue", 
          "name": "year_variable", 
          "value": "URI.Avhrr.year"        },
        {
          "@type": "PropertyValue", 
          "name": "month_variable", 
          "value": "URI_Avhrr.month"        },
        {
          "@type": "PropertyValue", 
          "name": "day_variable", 
          "value": "URI_Avhrr.day"        },
        {
          "@type": "PropertyValue", 
          "name": "hours_variable", 
          "value": "URI_Avhrr.hours"        },
        {
          "@type": "PropertyValue", 
          "name": "minutes_variable", 
          "value": "URI_Avhrr.minutes"        },
        {
          "@type": "PropertyValue", 
          "name": "seconds_variable", 
          "value": "URI_Avhrr.seconds"        },
        {
          "@type": "PropertyValue", 
          "name": "gmt_time", 
          "value": "true"        }
    ]
  },
  {
    "@type": "PropertyValue",
    "name": "URI_Avhrr",
    "valueReference": [ 
,
    {
      "@type": "PropertyValue",
      "name": "year",
      "valueReference": [ 

      ]
    },
    {
      "@type": "PropertyValue",
      "name": "month",
      "valueReference": [ 

      ]
    },
    {
      "@type": "PropertyValue",
      "name": "day",
      "valueReference": [ 

      ]
    },
    {
      "@type": "PropertyValue",
      "name": "hours",
      "valueReference": [ 

      ]
    },
    {
      "@type": "PropertyValue",
      "name": "minutes",
      "valueReference": [ 

      ]
    },
    {
      "@type": "PropertyValue",
      "name": "seconds",
      "valueReference": [ 

      ]
    },
    {
      "@type": "PropertyValue",
      "name": "DODS_URL",
      "valueReference": [ 

      ]
    }
    ]
  }
  ]
}
</script>
   </body>
   <script type="text/javascript">
                CollapsibleLists.apply(true);
                initCollapsibles("/opendap/docs");
            </script>
</xhtml>
